******************************************************************************
                  TI ARM Linker PC v18.1.2                     
******************************************************************************
>> Linked Wed Jan 16 13:24:53 2019

OUTPUT FILE NAME:   <mobus_client_server.out>
ENTRY POINT SYMBOL: "_c_int00_noargs"  address: 00017561


MEMORY CONFIGURATION

         name            origin    length      used     unused   attr    fill
----------------------  --------  ---------  --------  --------  ----  --------
  FLASH                 00000000   00100000  00019521  000e6adf  R  X
  SRAM                  20000000   00040000  000274e5  00018b1b  RW X


SEGMENT ALLOCATION MAP

run origin  load origin   length   init length attrs members
----------  ----------- ---------- ----------- ----- -------
00000000    00000000    00019528   00019528    r-x
  00000000    00000000    00000208   00000208    r-- .intvecs
  00000208    00000208    00018bca   00018bca    r-x .text
  00018dd4    00018dd4    000005af   000005af    r-- .const
  00019388    00019388    000001a0   000001a0    r-- .cinit
20000000    20000000    000274e8   00000000    rw-
  20000000    20000000    000268fd   00000000    rw- .bss
  20026900    20026900    00000800   00000000    rw- .stack
  20027100    20027100    000003e8   00000000    rw- .data


SECTION ALLOCATION MAP

 output                                  attributes/
section   page    origin      length       input sections
--------  ----  ----------  ----------   ----------------
.intvecs   0    00000000    00000208     
                  00000000    00000208     startup_msp432e401y.obj (.intvecs:retain)

.text      0    00000208    00018bca     
                  00000208    00000a5e     rtsv7M4_T_le_v4SPD16_eabi.lib : _printfi.c.obj (.text:__TI_printfi)
                  00000c66    00000002     startup_msp432e401y.obj (.text:Default_Handler)
                  00000c68    00000548     main_freertos.obj (.text:main)
                  000011b0    00000390     ipv6_frag.obj (.text:ipv6ParseFragmentHeader)
                  00001540    00000348     tcp_fsm.obj (.text:tcpProcessSegment)
                  00001888    00000348     tcp_timer.obj (.text:tcpTick)
                  00001bd0    00000310     dns_client.obj (.text:dnsProcessResponse)
                  00001ee0    000002ec     tcp_misc.obj (.text:tcpSendSegment)
                  000021cc    000002e4     ipv4_frag.obj (.text:ipv4ReassembleDatagram)
                  000024b0    000002bc     ipv6.obj (.text:ipv6SendPacket)
                  0000276c    000002b0     nic.obj (.text:nicNotifyLinkChange)
                  00002a1c    000002a8     ndp.obj (.text:ndpProcessRouterAdv)
                  00002cc4    000002a8     net.obj (.text:netTick)
                  00002f6c    000002a8     udp.obj (.text:udpProcessDatagram)
                  00003214    00000278     slaac.obj (.text:slaacParsePrefixInfoOption)
                  0000348c    00000270     rtsv7M4_T_le_v4SPD16_eabi.lib : _printfi.c.obj (.text:_pconv_a)
                  000036fc    0000026c     ipv6.obj (.text:ipv6ProcessPacket)
                  00003968    0000026c     tcp.obj (.text:tcpAccept)
                  00003bd4    0000025e     tcp_misc.obj (.text:tcpCheckAck)
                  00003e32    00000002     rtsv7M4_T_le_v4SPD16_eabi.lib : _lock.c.obj (.text:_nop)
                  00003e34    00000254     modbus_client_misc.obj (.text:modbusClientTransaction)
                  00004088    00000248     dns_client.obj (.text:dnsResolve)
                  000042d0    0000023c     ipv4.obj (.text:ipv4SendPacket)
                  0000450c    00000238     modbus_server_pdu.obj (.text:modbusServerProcessReadWriteMultipleRegsReq)
                  00004744    00000238     slaac.obj (.text:slaacDumpConfig)
                  0000497c    00000234     tcp_misc.obj (.text:tcpNagleAlgo)
                  00004bb0    00000230     dhcp_client.obj (.text:dhcpClientDumpConfig)
                  00004de0    00000230     ndp.obj (.text:ndpProcessNeighborAdv)
                  00005010    00000224     ndp.obj (.text:ndpProcessRedirect)
                  00005234    00000220     ndp.obj (.text:ndpProcessNeighborSol)
                  00005454    00000218     tcp_misc.obj (.text:tcpUpdateEvents)
                  0000566c    000001f8     dns_client.obj (.text:dnsSendQuery)
                  00005864    000001f4     modbus_server_pdu.obj (.text:modbusServerProcessWriteMultipleCoilsReq)
                  00005a58    000001f0     msp432e4_driverlib.a : sysctl_MSP432E411Y.obj (.text:SysCtlClockFreqSet)
                  00005c48    000001eb     ipv6.obj (.text:ipv6StringToAddr)
                  00005e33    00000001     --HOLE-- [fill = 0]
                  00005e34    000001d4     tcp.obj (.text:tcpReceive)
                  00006008    000001d0     rtsv7M4_T_le_v4SPD16_eabi.lib : _printfi.c.obj (.text:_pconv_g)
                  000061d8    000001d0     freertos_builds_MSP_EXP432E401Y_release_ccs.lib : queue.obj (.text:xQueueSemaphoreTake)
                  000063a8    000001c4     modbus_server_misc.obj (.text:modbusServerProcessConnectionEvents)
                  0000656c    000001c4     msp432e4_eth_driver.obj (.text:msp432e4EthInit)
                  00006730    000001bc     modbus_server_pdu.obj (.text:modbusServerProcessWriteMultipleRegsReq)
                  000068ec    000001bc     net.obj (.text:netInit)
                  00006aa8    000001b8     modbus_server_pdu.obj (.text:modbusServerProcessRequest)
                  00006c60    000001b8     freertos_builds_MSP_EXP432E401Y_release_ccs.lib : queue.obj (.text:xQueueGenericSend)
                  00006e18    000001b6     rtsv7M4_T_le_v4SPD16_eabi.lib : fd_add_t2.asm.obj (.text)
                  00006fce    000001b6     tcp.obj (.text:tcpConnect)
                  00007184    000001b4     modbus_server_pdu.obj (.text:modbusServerProcessReadCoilsReq)
                  00007338    000001b4     modbus_server_pdu.obj (.text:modbusServerProcessReadDiscreteInputsReq)
                  000074ec    000001b2     tcp_misc.obj (.text:tcpSendResetSegment)
                  0000769e    000001b2     tcp_fsm.obj (.text:tcpStateSynSent)
                  00007850    000001ac     icmpv6.obj (.text:icmpv6SendErrorMessage)
                  000079fc    000001a8     ndp.obj (.text:ndpSendNeighborAdv)
                  00007ba4    00000190     ipv4.obj (.text:ipv4SelectSourceAddr)
                  00007d34    00000190     ndp_misc.obj (.text:ndpUpdateAddrList)
                  00007ec4    0000018c     msp432e4_eth_driver.obj (.text:msp432e4EthInitDmaDesc)
                  00008050    00000188     ipv6_misc.obj (.text:ipv6SelectSourceAddr)
                  000081d8    00000188     tcp_fsm.obj (.text:tcpStateListen)
                  00008360    00000184     dhcp_client.obj (.text:dhcpClientSendRequest)
                  000084e4    00000182     net_mem.obj (.text:netBufferCopy)
                  00008666    00000002     main_freertos.obj (.text:modbusServerLockCallback)
                  00008668    0000017c     freertos_builds_MSP_EXP432E401Y_release_ccs.lib : queue.obj (.text:xQueueReceive)
                  000087e4    00000178                                                     : heap_4.obj (.text:pvPortMalloc)
                  0000895c    0000016c     ndp_cache.obj (.text:ndpUpdateNeighborCache)
                  00008ac8    0000016a     udp.obj (.text:udpSendDatagramEx)
                  00008c32    00000168     tcp.obj (.text:tcpSend)
                  00008d9a    00000002     main_freertos.obj (.text:modbusServerUnlockCallback)
                  00008d9c    00000160     net.obj (.text:netTask)
                  00008efc    00000154     nbns_client.obj (.text:nbnsResolve)
                  00009050    00000154     main_freertos.obj (.text:userTask)
                  000091a4    00000150     modbus_server.obj (.text:modbusServerTask)
                  000092f4    00000150     net.obj (.text:netConfigInterface)
                  00009444    0000014e     icmp.obj (.text:icmpSendErrorMessage)
                  00009592    00000002     os_port_freertos.obj (.text:osInitKernel)
                  00009594    0000014c     ethernet.obj (.text:ethProcessFrame)
                  000096e0    00000148     arp.obj (.text:arpTick)
                  00009828    00000142     nbns_responder.obj (.text:nbnsSendResponse)
                  0000996a    00000142     net_mem.obj (.text:netBufferSetLength)
                  00009aac    00000140     icmpv6.obj (.text:icmpv6ProcessEchoRequest)
                  00009bec    0000013e     ipv4_frag.obj (.text:ipv4SearchFragQueue)
                  00009d2a    00000002     rtsv7M4_T_le_v4SPD16_eabi.lib : div0.asm.obj (.text)
                  00009d2c    0000013c                                   : _printfi.c.obj (.text:_pconv_e)
                  00009e68    0000013c     modbus_server_pdu.obj (.text:modbusServerProcessMaskWriteRegReq)
                  00009fa4    0000013c     modbus_server_pdu.obj (.text:modbusServerProcessReadHoldingRegsReq)
                  0000a0e0    0000013c     modbus_server_pdu.obj (.text:modbusServerProcessReadInputRegsReq)
                  0000a21c    00000138     icmpv6.obj (.text:icmpv6ProcessMessage)
                  0000a354    00000138     ipv6_frag.obj (.text:ipv6SearchFragQueue)
                  0000a48c    00000138     nbns_client.obj (.text:nbnsProcessResponse)
                  0000a5c4    00000138     ndp.obj (.text:ndpSendNeighborSol)
                  0000a6fc    00000138     freertos_builds_MSP_EXP432E401Y_release_ccs.lib : tasks.obj (.text:xTaskIncrementTick)
                  0000a834    00000136     rtsv7M4_T_le_v4SPD16_eabi.lib : fd_div_t2.asm.obj (.text)
                  0000a96a    00000002     main_freertos.obj (.text:vApplicationMallocFailedHook)
                  0000a96c    00000134     date_time.obj (.text:formatSystemTime)
                  0000aaa0    00000130     msp432e4_driverlib.a : gpio_MSP432E411Y.obj (.text:GPIOPadConfigSet)
                  0000abd0    00000130     dns_cache.obj (.text:dnsTick)
                  0000ad00    00000130     ipv6_misc.obj (.text:ipv6SetAddr)
                  0000ae30    00000130     nbns_common.obj (.text:nbnsCompareName)
                  0000af60    0000012c     ipv6_frag.obj (.text:ipv6FragmentDatagram)
                  0000b08c    0000012c     ipv6.obj (.text:ipv6ParseOptions)
                  0000b1b8    0000012c     socket.obj (.text:socketPoll)
                  0000b2e4    0000012a     nbns_common.obj (.text:nbnsParseName)
                  0000b40e    00000002     --HOLE-- [fill = 0]
                  0000b410    00000124     main_freertos.obj (.text:modbusClient)
                  0000b534    00000122     tcp_misc.obj (.text:tcpUpdateSackBlocks)
                  0000b656    00000002     --HOLE-- [fill = 0]
                  0000b658    00000120     arp.obj (.text:arpProcessReply)
                  0000b778    00000120     rtsv7M4_T_le_v4SPD16_eabi.lib : _printfi.c.obj (.text:fcvt)
                  0000b898    00000120     nbns_client.obj (.text:nbnsSendQuery)
                  0000b9b8    00000120     ndp.obj (.text:ndpSendRouterSol)
                  0000bad8    0000011e     freertos_builds_MSP_EXP432E401Y_release_ccs.lib : tasks.obj (.text:prvInitialiseNewTask)
                  0000bbf6    00000002     --HOLE-- [fill = 0]
                  0000bbf8    0000011c     modbus_server_misc.obj (.text:modbusServerAcceptConnection)
                  0000bd14    0000011c     freertos_builds_MSP_EXP432E401Y_release_ccs.lib : tasks.obj (.text:xTaskResumeAll)
                  0000be30    00000118     dns_common.obj (.text:dnsParseName)
                  0000bf48    00000118     ipv4.obj (.text:ipv4ProcessDatagram)
                  0000c060    00000118     freertos_builds_MSP_EXP432E401Y_release_ccs.lib : timers.obj (.text:prvProcessReceivedCommands)
                  0000c178    00000116     ipv4_frag.obj (.text:ipv4FragmentDatagram)
                  0000c28e    00000116     ndp.obj (.text:ndpEnqueuePacket)
                  0000c3a4    00000114     rtsv7M4_T_le_v4SPD16_eabi.lib : fputs.c.obj (.text:fputs)
                  0000c4b8    00000114     mld.obj (.text:mldProcessListenerQuery)
                  0000c5cc    00000110     dhcp_client.obj (.text:dhcpClientSendDiscover)
                  0000c6dc    00000110     socket.obj (.text:getHostByName)
                  0000c7ec    00000110     ipv6_misc.obj (.text:ipv6AddPrefix)
                  0000c8fc    00000110     rtsv7M4_T_le_v4SPD16_eabi.lib : s_scalbn.c.obj (.text:scalbn)
                  0000ca0c    00000110     socket.obj (.text:socketOpen)
                  0000cb1c    00000110     freertos_builds_MSP_EXP432E401Y_release_ccs.lib : tasks.obj (.text:vTaskPriorityDisinheritAfterTimeout)
                  0000cc2c    0000010e     tcp_misc.obj (.text:tcpComputeRto)
                  0000cd3a    00000002     --HOLE-- [fill = 0]
                  0000cd3c    0000010c     modbus_server_pdu.obj (.text:modbusServerProcessWriteSingleCoilReq)
                  0000ce48    00000106     modbus_client.obj (.text:modbusClientConnect)
                  0000cf4e    00000106     tcp_misc.obj (.text:tcpProcessSegmentData)
                  0000d054    00000104     tcp_misc.obj (.text:tcpCheckSequenceNumber)
                  0000d158    00000102     ip.obj (.text:ipCalcChecksum)
                  0000d25a    00000102     freertos_builds_MSP_EXP432E401Y_release_ccs.lib : queue.obj (.text:xQueueGenericSendFromISR)
                  0000d35c    00000100     icmp.obj (.text:icmpProcessEchoRequest)
                  0000d45c    00000100     net_mem.obj (.text:netBufferConcat)
                  0000d55c    000000fc     dns_common.obj (.text:dnsCompareName)
                  0000d658    000000fc     ipv6.obj (.text:ipv6AddrToString)
                  0000d754    000000fc     msp432e4_eth_driver.obj (.text:msp432e4EthEventHandler)
                  0000d850    000000fc     rtsv7M4_T_le_v4SPD16_eabi.lib : fd_mul_t2.asm.obj (.text)
                  0000d94c    000000fc     tcp_misc.obj (.text:tcpUpdateSendWindow)
                  0000da48    000000f8     dhcp_client.obj (.text:dhcpClientSendDecline)
                  0000db40    000000f8     ipv6_misc.obj (.text:ipv6CheckDestAddr)
                  0000dc38    000000f8     ethernet.obj (.text:macStringToAddr)
                  0000dd30    000000f8     ndp_misc.obj (.text:ndpSelectDefaultRouter)
                  0000de28    000000f8     slaac.obj (.text:slaacParseRouterAdv)
                  0000df20    000000f6     tcp_fsm.obj (.text:tcpStateFinWait1)
                  0000e016    000000f4     ip.obj (.text:ipCalcChecksumEx)
                  0000e10a    00000002     --HOLE-- [fill = 0]
                  0000e10c    000000f0     ethernet.obj (.text:ethCalcCrcEx)
                  0000e1fc    000000f0     modbus_server.obj (.text:modbusServerInit)
                  0000e2ec    000000f0     modbus_server_pdu.obj (.text:modbusServerProcessWriteSingleRegReq)
                  0000e3dc    000000ee     arp.obj (.text:arpEnqueuePacket)
                  0000e4ca    000000ee     freertos_builds_MSP_EXP432E401Y_release_ccs.lib : queue.obj (.text:xQueueGiveFromISR)
                  0000e5b8    000000ec     ipv4.obj (.text:ipv4ProcessPacket)
                  0000e6a4    000000ec     mld.obj (.text:mldSendListenerDone)
                  0000e790    000000e8     mld.obj (.text:mldSendListenerReport)
                  0000e878    000000e8     freertos_builds_MSP_EXP432E401Y_release_ccs.lib : tasks.obj (.text:xTaskPriorityInherit)
                  0000e960    000000e6     ethernet.obj (.text:ethSendFrame)
                  0000ea46    00000002     --HOLE-- [fill = 0]
                  0000ea48    000000e4     igmp.obj (.text:igmpProcessQueryMessage)
                  0000eb2c    000000e0     tcp_misc.obj (.text:tcpRetransmitSegment)
                  0000ec0c    000000e0     freertos_builds_MSP_EXP432E401Y_release_ccs.lib : tasks.obj (.text:xTaskPriorityDisinherit)
                  0000ecec    000000dc     ipv4.obj (.text:ipv4JoinMulticastGroup)
                  0000edc8    000000dc     ipv6.obj (.text:ipv6JoinMulticastGroup)
                  0000eea4    000000dc     rtsv7M4_T_le_v4SPD16_eabi.lib : setvbuf.c.obj (.text:setvbuf)
                  0000ef80    000000dc     tcp_misc.obj (.text:tcpAddOption)
                  0000f05c    000000da     freertos_builds_MSP_EXP432E401Y_release_ccs.lib : portasm.obj (.text)
                  0000f136    000000d6     ndp.obj (.text:ndpResolve)
                  0000f20c    000000d4     arp.obj (.text:arpProcessPacket)
                  0000f2e0    000000d4     arp.obj (.text:arpResolve)
                  0000f3b4    000000d0     rtsv7M4_T_le_v4SPD16_eabi.lib : fopen.c.obj (.text:_openfile)
                  0000f484    000000d0     arp.obj (.text:arpSendRequest)
                  0000f554    000000d0     freertos_builds_MSP_EXP432E401Y_release_ccs.lib : port.obj (.text:xPortStartScheduler)
                  0000f624    000000cc     igmp.obj (.text:igmpLinkChangeEvent)
                  0000f6f0    000000cc     tcp_misc.obj (.text:tcpUpdateRetransmitQueue)
                  0000f7bc    000000cc     udp.obj (.text:udpReceiveDatagram)
                  0000f888    000000ca     ipv6.obj (.text:ipv6ParseHopByHopOptHeader)
                  0000f952    00000002     --HOLE-- [fill = 0]
                  0000f954    000000c8     igmp.obj (.text:igmpSendReportMessage)
                  0000fa1c    000000c8     ipv6.obj (.text:ipv6LinkChangeEvent)
                  0000fae4    000000c4     dhcp_client.obj (.text:dhcpClientStateRebinding)
                  0000fba8    000000c4     freertos_builds_MSP_EXP432E401Y_release_ccs.lib : tasks.obj (.text:prvAddNewTaskToReadyList)
                  0000fc6c    000000c4     tcp_fsm.obj (.text:tcpStateEstablished)
                  0000fd30    000000c0     msp432e4_eth_driver.obj (.text:EMAC0_IRQHandler)
                  0000fdf0    000000c0     nbns_common.obj (.text:nbnsEncodeName)
                  0000feb0    000000c0     tcp_misc.obj (.text:tcpUpdateReceiveWindow)
                  0000ff70    000000be     ipv4.obj (.text:ipv4StringToAddr)
                  0001002e    000000be     freertos_builds_MSP_EXP432E401Y_release_ccs.lib : queue.obj (.text:prvCopyDataToQueue)
                  000100ec    000000be     tcp_fsm.obj (.text:tcpStateFinWait2)
                  000101aa    00000002     --HOLE-- [fill = 0]
                  000101ac    000000bc     dhcp_client.obj (.text:dhcpClientStateRebooting)
                  00010268    000000bc     dhcp_client.obj (.text:dhcpClientStateRequesting)
                  00010324    000000bc     rtsv7M4_T_le_v4SPD16_eabi.lib : open.c.obj (.text:open)
                  000103e0    000000bc     freertos_builds_MSP_EXP432E401Y_release_ccs.lib : heap_4.obj (.text:prvHeapInit)
                  0001049c    000000ba     tcp_misc.obj (.text:tcpIsDuplicateSyn)
                  00010556    00000002     --HOLE-- [fill = 0]
                  00010558    000000b8     rtsv7M4_T_le_v4SPD16_eabi.lib : add_device.c.obj (.text:add_device)
                  00010610    000000b8     arp.obj (.text:arpSendProbe)
                  000106c8    000000b8     arp.obj (.text:arpSendReply)
                  00010780    000000b8     ndp.obj (.text:ndpTick)
                  00010838    000000b8     freertos_builds_MSP_EXP432E401Y_release_ccs.lib : timers.obj (.text:prvSwitchTimerLists)
                  000108f0    000000b8     socket.obj (.text:socketReceiveEx)
                  000109a8    000000b8     udp.obj (.text:udpInvokeRxCallback)
                  00010a60    000000b8     freertos_builds_MSP_EXP432E401Y_release_ccs.lib : queue.obj (.text:xQueueGenericReset)
                  00010b18    000000b6     net_mem.obj (.text:netBufferRead)
                  00010bce    000000b6     net_mem.obj (.text:netBufferWrite)
                  00010c84    000000b4     dns_common.obj (.text:dnsEncodeName)
                  00010d38    000000b4     msp432e4_eth_driver.obj (.text:msp432e4EthReceivePacket)
                  00010dec    000000b1     rtsv7M4_T_le_v4SPD16_eabi.lib : _printfi.c.obj (.text:_ltostr)
                  00010e9d    00000003     --HOLE-- [fill = 0]
                  00010ea0    000000b0     dhcp_client.obj (.text:dhcpClientChangeState)
                  00010f50    000000b0     freertos_builds_MSP_EXP432E401Y_release_ccs.lib : tasks.obj (.text:prvAddCurrentTaskToDelayedList)
                  00011000    000000b0                                                     : tasks.obj (.text:xTaskCheckForTimeOut)
                  000110b0    000000ae     ipv4_frag.obj (.text:ipv4FragTick)
                  0001115e    000000ac     ipv6_frag.obj (.text:ipv6FragTick)
                  0001120a    00000002     --HOLE-- [fill = 0]
                  0001120c    000000ac     mld.obj (.text:mldLinkChangeEvent)
                  000112b8    000000ac     tcp_fsm.obj (.text:tcpStateSynReceived)
                  00011364    000000aa     freertos_builds_MSP_EXP432E401Y_release_ccs.lib : queue.obj (.text:prvUnlockQueue)
                  0001140e    000000a8     ipv6.obj (.text:ipv6ParseRoutingHeader)
                  000114b6    00000002     --HOLE-- [fill = 0]
                  000114b8    000000a8     msp432e4_eth_driver.obj (.text:msp432e4EthSendPacket)
                  00011560    000000a8     freertos_builds_MSP_EXP432E401Y_release_ccs.lib : heap_4.obj (.text:prvInsertBlockIntoFreeList)
                  00011608    000000a8                                                     : tasks.obj (.text:xTaskRemoveFromEventList)
                  000116b0    000000a4     ipv6.obj (.text:ipv6LeaveMulticastGroup)
                  00011754    000000a4     ipv6.obj (.text:ipv6SetPrefix)
                  000117f8    000000a4     ndp_misc.obj (.text:ndpParsePrefixInfoOption)
                  0001189c    000000a2     mld.obj (.text:mldProcessListenerReport)
                  0001193e    00000002     --HOLE-- [fill = 0]
                  00011940    000000a0     dhcp_client.obj (.text:dhcpClientStateRenewing)
                  000119e0    000000a0     ipv6_misc.obj (.text:ipv6AddDefaultRouter)
                  00011a80    000000a0     modbus_client.obj (.text:modbusClientWriteMultipleRegs)
                  00011b20    0000009c     ipv6.obj (.text:ipv6Init)
                  00011bbc    0000009c     ipv6.obj (.text:ipv6ParseDestOptHeader)
                  00011c58    0000009c     ndp_cache.obj (.text:ndpSendQueuedPackets)
                  00011cf4    0000009c     rtsv7M4_T_le_v4SPD16_eabi.lib : memcpy_t2.asm.obj (.text)
                  00011d90    0000009c     freertos_builds_MSP_EXP432E401Y_release_ccs.lib : heap_4.obj (.text:vPortFree)
                  00011e2c    0000009c                                                     : tasks.obj (.text:vTaskSwitchContext)
                  00011ec8    0000009a     tcp_misc.obj (.text:tcpWriteRxBuffer)
                  00011f62    00000002     --HOLE-- [fill = 0]
                  00011f64    00000098     ethernet.obj (.text:ethCheckDestAddr)
                  00011ffc    00000098     modbus_server_misc.obj (.text:modbusServerTick)
                  00012094    00000098     socket.obj (.text:socketConnect)
                  0001212c    00000096     dhcp_client.obj (.text:dhcpClientTick)
                  000121c2    00000096     rtsv7M4_T_le_v4SPD16_eabi.lib : ull_div_t2.asm.obj (.text)
                  00012258    00000096     tcp_misc.obj (.text:tcpGetOption)
                  000122ee    00000002     --HOLE-- [fill = 0]
                  000122f0    00000094     freertos_builds_MSP_EXP432E401Y_release_ccs.lib : tasks.obj (.text:vTaskStartScheduler)
                  00012384    00000092     ethernet.obj (.text:ethAcceptMacAddr)
                  00012416    00000092     nbns_responder.obj (.text:nbnsProcessQuery)
                  000124a8    00000092     tcp_misc.obj (.text:tcpReadTxBuffer)
                  0001253a    00000090     ipv4.obj (.text:ipv4CheckDestAddr)
                  000125ca    00000090     ipv6.obj (.text:ipv6SendDatagram)
                  0001265a    00000002     --HOLE-- [fill = 0]
                  0001265c    00000090     ipv6.obj (.text:ipv6SetDefaultRouter)
                  000126ec    00000090     modbus_server_pdu.obj (.text:modbusServerFormatExceptionResp)
                  0001277c    00000090     slaac.obj (.text:slaacGenerateLinkLocalAddr)
                  0001280c    0000008e     modbus_client_pdu.obj (.text:modbusClientFormatWriteMultipleRegsReq)
                  0001289a    0000008e     tcp_misc.obj (.text:tcpReadRxBuffer)
                  00012928    0000008c     modbus_client_misc.obj (.text:modbusClientCheckResp)
                  000129b4    0000008c     tcp.obj (.text:tcpKillOldestConnection)
                  00012a40    00000088     dhcp_client.obj (.text:dhcpClientStateSelecting)
                  00012ac8    00000088     dns_cache.obj (.text:dnsFindEntry)
                  00012b50    00000088     net.obj (.text:netGetRand)
                  00012bd8    00000088     tcp_misc.obj (.text:tcpWriteTxBuffer)
                  00012c60    00000086     rtsv7M4_T_le_v4SPD16_eabi.lib : fd_cmp_t2.asm.obj (.text:__aeabi_cdcmple)
                  00012ce6    00000086                                   : fd_cmp_t2.asm.obj (.text:__aeabi_cdrcmple)
                  00012d6c    00000086     ipv6_misc.obj (.text:ipv6GetCommonPrefixLength)
                  00012df2    00000086     nbns_common.obj (.text:nbnsProcessMessage)
                  00012e78    00000086     tcp_fsm.obj (.text:tcpStateTimeWait)
                  00012efe    00000084     ipv4.obj (.text:ipv4SendDatagram)
                  00012f82    00000002     --HOLE-- [fill = 0]
                  00012f84    00000084     ndp_cache.obj (.text:ndpCreateDestCacheEntry)
                  00013008    00000084     freertos_builds_MSP_EXP432E401Y_release_ccs.lib : timers.obj (.text:prvProcessTimerOrBlockTask)
                  0001308c    00000084     socket.obj (.text:socketSendTo)
                  00013110    00000084     tcp.obj (.text:tcpAbort)
                  00013194    00000084     freertos_builds_MSP_EXP432E401Y_release_ccs.lib : timers.obj (.text:xTimerGenericCommand)
                  00013218    00000082     arp.obj (.text:arpCreateEntry)
                  0001329a    00000082     ndp_cache.obj (.text:ndpCreateNeighborCacheEntry)
                  0001331c    00000082     nic.obj (.text:nicProcessPacket)
                  0001339e    00000080     dhcp_common.obj (.text:dhcpAddOption)
                  0001341e    00000002     --HOLE-- [fill = 0]
                  00013420    00000080     ethernet.obj (.text:ethDropMacAddr)
                  000134a0    00000080     msp432e4_eth_driver.obj (.text:msp432e4EthUpdateMacAddrFilter)
                  00013520    00000080     socket.obj (.text:socketInit)
                  000135a0    0000007e     dhcp_client.obj (.text:dhcpClientStateProbing)
                  0001361e    0000007c     arp.obj (.text:arpProcessRequest)
                  0001369a    0000007c     igmp.obj (.text:igmpTick)
                  00013716    0000007c     ndp_misc.obj (.text:ndpAddOption)
                  00013792    00000002     --HOLE-- [fill = 0]
                  00013794    0000007c     ndp_misc.obj (.text:ndpUpdateDefaultRouterList)
                  00013810    0000007a     arp.obj (.text:arpSendQueuedPackets)
                  0001388a    0000007a     rtsv7M4_T_le_v4SPD16_eabi.lib : memset_t2.asm.obj (.text)
                  00013904    0000007a     udp.obj (.text:udpSendDatagram)
                  0001397e    0000007a     freertos_builds_MSP_EXP432E401Y_release_ccs.lib : tasks.obj (.text:xTaskCreate)
                  000139f8    00000078     dns_cache.obj (.text:dnsCreateEntry)
                  00013a70    00000078     modbus_server.obj (.text:modbusServerStart)
                  00013ae8    00000078     freertos_builds_MSP_EXP432E401Y_release_ccs.lib : timers.obj (.text:prvInsertTimerInActiveList)
                  00013b60    00000078     udp.obj (.text:udpAttachRxCallback)
                  00013bd8    00000078     udp.obj (.text:udpDetachRxCallback)
                  00013c50    00000076     ipv6_misc.obj (.text:ipv6CompPrefix)
                  00013cc6    00000076     tcp_misc.obj (.text:tcpFastRecovery)
                  00013d3c    00000074     rtsv7M4_T_le_v4SPD16_eabi.lib : fclose.c.obj (.text:__TI_closefile)
                  00013db0    00000074     debug.obj (.text:debugRedirect)
                  00013e24    00000074     dhcp_client.obj (.text:dhcpClientLinkChangeEvent)
                  00013e98    00000074     ethernet.obj (.text:ethCalcCrc)
                  00013f0c    00000074     ipv6_misc.obj (.text:ipv6RemovePrefix)
                  00013f80    00000074     ipv6.obj (.text:ipv6SetGlobalAddr)
                  00013ff4    00000074     msp432e4_eth_driver.obj (.text:msp432e4EthCalcCrc)
                  00014068    00000074     ndp_misc.obj (.text:ndpIsFirstHopRouter)
                  000140dc    00000074     freertos_builds_MSP_EXP432E401Y_release_ccs.lib : tasks.obj (.text:prvInitialiseTaskLists)
                  00014150    00000074                                                     : port.obj (.text:vPortValidateInterruptPriority)
                  000141c4    00000072     ndp_cache.obj (.text:ndpFlushQueuedPackets)
                  00014236    00000072     nic.obj (.text:nicSendPacket)
                  000142a8    00000070     ipv6_misc.obj (.text:ipv6RemoveDefaultRouter)
                  00014318    00000070     freertos_builds_MSP_EXP432E401Y_release_ccs.lib : timers.obj (.text:prvProcessExpiredTimer)
                  00014388    0000006e     rtsv7M4_T_le_v4SPD16_eabi.lib : _printfi.c.obj (.text:_mcpy)
                  000143f6    0000006e     icmpv6.obj (.text:icmpv6ProcessPacketTooBig)
                  00014464    0000006e     igmp.obj (.text:igmpProcessMessage)
                  000144d2    00000002     --HOLE-- [fill = 0]
                  000144d4    0000006c     ipv6.obj (.text:ipv6SetLinkLocalAddr)
                  00014540    0000006c     ndp_misc.obj (.text:ndpUpdateNextHop)
                  000145ac    0000006c     net.obj (.text:netInvokeLinkChangeCallback)
                  00014618    0000006c     socket.obj (.text:socketClose)
                  00014684    0000006a     modbus_server_misc.obj (.text:modbusServerFormatMbapHeader)
                  000146ee    0000006a     tcp_fsm.obj (.text:tcpStateClosing)
                  00014758    0000006a     udp.obj (.text:udpUpdateEvents)
                  000147c2    00000002     --HOLE-- [fill = 0]
                  000147c4    00000068     rtsv7M4_T_le_v4SPD16_eabi.lib : hostlseek.c.obj (.text:HOSTlseek)
                  0001482c    00000068                                   : hostrename.c.obj (.text:HOSTrename)
                  00014894    00000068                                   : copy_decompress_lzss.c.obj (.text:decompress:lzss:__TI_decompress_lzss)
                  000148fc    00000068     ipv6_misc.obj (.text:ipv6GetAddrScope)
                  00014964    00000068     tcp_misc.obj (.text:tcpFastRetransmit)
                  000149cc    00000066     icmp.obj (.text:icmpProcessMessage)
                  00014a32    00000066     ipv6_misc.obj (.text:ipv6IsOnLink)
                  00014a98    00000066     freertos_builds_MSP_EXP432E401Y_release_ccs.lib : list.obj (.text:vListInsert)
                  00014afe    00000066                                                     : queue.obj (.text:xQueueGenericCreate)
                  00014b64    00000064     rtsv7M4_T_le_v4SPD16_eabi.lib : fprintf.c.obj (.text:fprintf)
                  00014bc8    00000064                                   : s_frexp.c.obj (.text:frexp)
                  00014c2c    00000064                                   : fseek.c.obj (.text:fseek)
                  00014c90    00000064     ndp_misc.obj (.text:ndpGetOption)
                  00014cf4    00000064     ndp_misc.obj (.text:ndpUpdatePrefixList)
                  00014d58    00000064     freertos_builds_MSP_EXP432E401Y_release_ccs.lib : tasks.obj (.text:prvGetExpectedIdleTime)
                  00014dbc    00000062     rtsv7M4_T_le_v4SPD16_eabi.lib : _io_perm.c.obj (.text:__TI_wrt_ok)
                  00014e1e    00000062     ipv4.obj (.text:ipv4GetAddrScope)
                  00014e80    00000062     mld.obj (.text:mldTick)
                  00014ee2    00000002     --HOLE-- [fill = 0]
                  00014ee4    00000060     rtsv7M4_T_le_v4SPD16_eabi.lib : hostopen.c.obj (.text:HOSTopen)
                  00014f44    00000060     msp432e4_driverlib.a : interrupt_MSP432E411Y.obj (.text:IntDisable)
                  00014fa4    00000060                          : interrupt_MSP432E411Y.obj (.text:IntEnable)
                  00015004    00000060     igmp.obj (.text:igmpJoinGroup)
                  00015064    00000060     ipv4.obj (.text:ipv4Init)
                  000150c4    00000060     mld.obj (.text:mldStartListening)
                  00015124    00000060     modbus_client_misc.obj (.text:modbusClientFormatMbapHeader)
                  00015184    00000060     modbus_server_misc.obj (.text:modbusServerCloseConnection)
                  000151e4    00000060     modbus_server_misc.obj (.text:modbusServerParseMbapHeader)
                  00015244    00000060     freertos_builds_MSP_EXP432E401Y_release_ccs.lib : port.obj (.text:pxPortInitialiseStack)
                  000152a4    00000060     socket.obj (.text:socketRegisterEvents)
                  00015304    00000060     tcp_fsm.obj (.text:tcpStateCloseWait)
                  00015364    0000005e     ip.obj (.text:ipSelectSourceAddr)
                  000153c2    0000005e     ip.obj (.text:ipSendDatagram)
                  00015420    0000005c     rtsv7M4_T_le_v4SPD16_eabi.lib : close.c.obj (.text:close)
                  0001547c    0000005c     igmp.obj (.text:igmpProcessReportMessage)
                  000154d8    0000005c     ipv6_misc.obj (.text:ipv6FlushAddrList)
                  00015534    0000005c     main_freertos.obj (.text:modbusServerWriteRegCallback)
                  00015590    0000005c     freertos_builds_MSP_EXP432E401Y_release_ccs.lib : tasks.obj (.text:prvIdleTask)
                  000155ec    0000005c                                                     : queue.obj (.text:vQueueWaitForMessageRestricted)
                  00015648    0000005c                                                     : tasks.obj (.text:vTaskDelay)
                  000156a4    0000005a     modbus_client_pdu.obj (.text:modbusClientParseWriteMultipleRegsResp)
                  000156fe    0000005a     ndp_misc.obj (.text:ndpSelectNextHop)
                  00015758    0000005a     tcp_misc.obj (.text:tcpCheckSyn)
                  000157b2    00000002     --HOLE-- [fill = 0]
                  000157b4    00000058     rtsv7M4_T_le_v4SPD16_eabi.lib : hostread.c.obj (.text:HOSTread)
                  0001580c    00000058                                   : hostwrite.c.obj (.text:HOSTwrite)
                  00015864    00000058     dhcp_client.obj (.text:dhcpClientStateBound)
                  000158bc    00000058     icmp.obj (.text:icmpUpdateInStats)
                  00015914    00000058     icmp.obj (.text:icmpUpdateOutStats)
                  0001596c    00000058     ipv4.obj (.text:ipv4SetHostAddr)
                  000159c4    00000058     ipv6_misc.obj (.text:ipv6IsAnycastAddr)
                  00015a1c    00000058     modbus_client_misc.obj (.text:modbusClientParseMbapHeader)
                  00015a74    00000058     msp432e4_eth_driver.obj (.text:msp432e4EthWritePhyReg)
                  00015acc    00000058     ndp.obj (.text:ndpLinkChangeEvent)
                  00015b24    00000058     net_mem.obj (.text:netBufferAlloc)
                  00015b7c    00000058     freertos_builds_MSP_EXP432E401Y_release_ccs.lib : port.obj (.text:vPortSetupTimerInterrupt)
                  00015bd4    00000056     rtsv7M4_T_le_v4SPD16_eabi.lib : _printfi.c.obj (.text:_pconv_f)
                  00015c2a    00000056     ipv4.obj (.text:ipv4IsBroadcastAddr)
                  00015c80    00000054     ipv6_misc.obj (.text:ipv6FlushPrefixList)
                  00015cd4    00000054     ipv6.obj (.text:ipv6SetDnsServer)
                  00015d28    00000054     rtsv7M4_T_le_v4SPD16_eabi.lib : ltoa.c.obj (.text:ltoa)
                  00015d7c    00000054     main_freertos.obj (.text:modbusServerWriteCoilCallback)
                  00015dd0    00000054     msp432e4_eth_driver.obj (.text:msp432e4EthReadPhyReg)
                  00015e24    00000054     net_mem.obj (.text:netBufferAppend)
                  00015e78    00000054     net_mem.obj (.text:netBufferAt)
                  00015ecc    00000054     slaac.obj (.text:slaacLinkChangeEvent)
                  00015f20    00000054     freertos_builds_MSP_EXP432E401Y_release_ccs.lib : timers.obj (.text:xTimerCreateTimerTask)
                  00015f74    00000052     rtsv7M4_T_le_v4SPD16_eabi.lib : _printfi.c.obj (.text:_ecpy)
                  00015fc6    00000052     ip.obj (.text:ipStringToAddr)
                  00016018    00000052     ethernet.obj (.text:macAddrToEui64)
                  0001606a    00000052     modbus_server_misc.obj (.text:modbusServerTranslateExceptionCode)
                  000160bc    00000050     msp432e4_driverlib.a : sysctl_MSP432E411Y.obj (.text:SysCtlPeripheralReset)
                  0001610c    00000050     debug.obj (.text:debugInit)
                  0001615c    00000050     dhcp_client.obj (.text:dhcpClientCheckTimeout)
                  000161ac    00000050     ethernet.obj (.text:ethPadFrame)
                  000161fc    00000050     ip.obj (.text:ipCalcUpperLayerChecksumEx)
                  0001624c    00000050     ip.obj (.text:ipIsUnspecifiedAddr)
                  0001629c    00000050     ipv4.obj (.text:ipv4AddrToString)
                  000162ec    00000050     ipv6_misc.obj (.text:ipv6IsTentativeAddr)
                  0001633c    00000050     main_freertos.obj (.text:modbusServerReadCoilCallback)
                  0001638c    00000050     main_freertos.obj (.text:modbusServerReadRegCallback)
                  000163dc    00000050     ndp_cache.obj (.text:ndpFindNeighborCacheEntry)
                  0001642c    00000050     str.obj (.text:strSafeCopy)
                  0001647c    00000050     tcp.obj (.text:tcpGetDynamicPort)
                  000164cc    00000050     tcp_fsm.obj (.text:tcpStateLastAck)
                  0001651c    00000050     udp.obj (.text:udpGetDynamicPort)
                  0001656c    0000004e     ipv4.obj (.text:ipv4MapMulticastAddrToMac)
                  000165ba    0000004e     ndp.obj (.text:ndpInit)
                  00016608    0000004c     rtsv7M4_T_le_v4SPD16_eabi.lib : fflush.c.obj (.text:__TI_doflush)
                  00016654    0000004c                                   : atoi.c.obj (.text:atoi)
                  000166a0    0000004c     ipv4.obj (.text:ipv4SetDnsServer)
                  000166ec    0000004c     ipv6_misc.obj (.text:ipv6FlushDefaultRouterList)
                  00016738    0000004c     freertos_builds_MSP_EXP432E401Y_release_ccs.lib : timers.obj (.text:prvCheckForValidListAndQueue)
                  00016784    0000004c                                                     : tasks.obj (.text:prvCheckTasksWaitingTermination)
                  000167d0    0000004c     tcp_misc.obj (.text:tcpWaitForEvents)
                  0001681c    0000004c     freertos_builds_MSP_EXP432E401Y_release_ccs.lib : port.obj (.text:vPortEnterCritical)
                  00016868    0000004a     arp.obj (.text:arpFindEntry)
                  000168b2    00000002     --HOLE-- [fill = 0]
                  000168b4    00000048     msp432e4_driverlib.a : sysctl_MSP432E411Y.obj (.text:_SysCtlFrequencyGet)
                  000168fc    00000048     rtsv7M4_T_le_v4SPD16_eabi.lib : exit.c.obj (.text:exit)
                  00016944    00000048     main_freertos.obj (.text:ioInit)
                  0001698c    00000048     ip.obj (.text:ipAddrToString)
                  000169d4    00000048     net_mem.obj (.text:memPoolAlloc)
                  00016a1c    00000048     ndp_cache.obj (.text:ndpFindDestCacheEntry)
                  00016a64    00000048     nic.obj (.text:nicUpdateMacAddrFilter)
                  00016aac    00000048     rtsv7M4_T_le_v4SPD16_eabi.lib : fd_toi_t2.asm.obj (.text)
                  00016af4    00000048     socket.obj (.text:socketBind)
                  00016b3c    00000048     tcp_misc.obj (.text:tcpIsDuplicateAck)
                  00016b84    00000048     tcp.obj (.text:tcpListen)
                  00016bcc    00000048     freertos_builds_MSP_EXP432E401Y_release_ccs.lib : list.obj (.text:uxListRemove)
                  00016c14    00000046     ipv6_misc.obj (.text:ipv6GenerateLinkLocalAddr)
                  00016c5a    00000046     ipv6_misc.obj (.text:ipv6MapMulticastAddrToMac)
                  00016ca0    00000044     rtsv7M4_T_le_v4SPD16_eabi.lib : hostclose.c.obj (.text:HOSTclose)
                  00016ce4    00000044                                   : hostunlink.c.obj (.text:HOSTunlink)
                  00016d28    00000044                                   : autoinit.c.obj (.text:__TI_auto_init_nobinit_nopinit:__TI_auto_init_nobinit_nopinit)
                  00016d6c    00000044     dns_cache.obj (.text:dnsFlushCache)
                  00016db0    00000044     rtsv7M4_T_le_v4SPD16_eabi.lib : getdevice.c.obj (.text:getdevice)
                  00016df4    00000044     freertos_builds_MSP_EXP432E401Y_release_ccs.lib : queue.obj (.text:prvInitialiseNewQueue)
                  00016e38    00000042     msp432e4_driverlib.a : uart_MSP432E411Y.obj (.text:UARTConfigSetExpClk)
                  00016e7a    00000042     freertos_builds_MSP_EXP432E401Y_release_ccs.lib : memory.obj (.text:malloc)
                  00016ebc    00000042     modbus_server.obj (.text:modbusServerGetDefaultSettings)
                  00016efe    00000042     tcp_misc.obj (.text:tcpChangeState)
                  00016f40    00000040     net.obj (.text:netSetMacAddr)
                  00016f80    00000040     rtsv7M4_T_le_v4SPD16_eabi.lib : sprintf.c.obj (.text:sprintf)
                  00016fc0    00000040     freertos_builds_MSP_EXP432E401Y_release_ccs.lib : tasks.obj (.text:vTaskPlaceOnEventListRestricted)
                  00017000    0000003e     rtsv7M4_T_le_v4SPD16_eabi.lib : _printfi.c.obj (.text:_fcpy)
                  0001703e    0000003e     modbus_server_misc.obj (.text:modbusServerWriteReg)
                  0001707c    0000003e     os_port_freertos.obj (.text:osCreateEvent)
                  000170ba    00000002     --HOLE-- [fill = 0]
                  000170bc    0000003c     msp432e4_driverlib.a : sysctl_MSP432E411Y.obj (.text:SysCtlPeripheralReady)
                  000170f8    0000003c     arp.obj (.text:arpFlushCache)
                  00017134    0000003c     debug.obj (.text:debugStreamWrite)
                  00017170    0000003c     dhcp_client.obj (.text:dhcpClientStateInit)
                  000171ac    0000003c     dhcp_client.obj (.text:dhcpClientStateInitReboot)
                  000171e8    0000003c     ipv4.obj (.text:ipv4LinkChangeEvent)
                  00017224    0000003c     ipv6_misc.obj (.text:ipv6ComputeSolicitedNodeAddr)
                  00017260    0000003c     ndp_misc.obj (.text:ndpCheckOptions)
                  0001729c    0000003c     ndp_cache.obj (.text:ndpFlushNeighborCache)
                  000172d8    0000003c     freertos_builds_MSP_EXP432E401Y_release_ccs.lib : queue.obj (.text:prvCopyDataFromQueue)
                  00017314    0000003c                                                     : tasks.obj (.text:prvResetNextTaskUnblockTime)
                  00017350    0000003c                                                     : tasks.obj (.text:pvTaskGetThreadLocalStoragePointer)
                  0001738c    0000003c     socket.obj (.text:socketListen)
                  000173c8    0000003c     rtsv7M4_T_le_v4SPD16_eabi.lib : strncasecmp.c.obj (.text:strncasecmp)
                  00017404    0000003c     freertos_builds_MSP_EXP432E401Y_release_ccs.lib : list.obj (.text:vListInsertEnd)
                  00017440    0000003a     arp.obj (.text:arpFlushQueuedPackets)
                  0001747a    0000003a     modbus_server_misc.obj (.text:modbusServerWriteCoil)
                  000174b4    0000003a     os_port_freertos.obj (.text:osCreateTask)
                  000174ee    0000003a     tcp_misc.obj (.text:tcpFlushRetransmitQueue)
                  00017528    00000038     rtsv7M4_T_le_v4SPD16_eabi.lib : trgmsg.c.obj (.text:__TI_writemsg)
                  00017560    00000038                                   : boot_cortex_m.c.obj (.text:_c_int00_noargs:_c_int00_noargs)
                  00017598    00000038     debug.obj (.text:fputc)
                  000175d0    00000038     icmpv6.obj (.text:icmpv6ProcessDestUnreachable)
                  00017608    00000038     ipv4.obj (.text:ipv4SetDefaultGateway)
                  00017640    00000038     modbus_client.obj (.text:modbusClientInit)
                  00017678    00000038     nic.obj (.text:nicTick)
                  000176b0    00000038     freertos_builds_MSP_EXP432E401Y_release_ccs.lib : timers.obj (.text:prvGetNextExpireTime)
                  000176e8    00000038                                                     : port.obj (.text:prvTaskExitError)
                  00017720    00000036     dhcp_client.obj (.text:dhcpClientComputeElapsedTime)
                  00017756    00000036     net_mem.obj (.text:netBufferGetLength)
                  0001778c    00000036     rtsv7M4_T_le_v4SPD16_eabi.lib : strncpy.c.obj (.text:strncpy)
                  000177c2    00000002     --HOLE-- [fill = 0]
                  000177c4    00000034     msp432e4_driverlib.a : sysctl_MSP432E411Y.obj (.text:SysCtlPeripheralEnable)
                  000177f8    00000034     rtsv7M4_T_le_v4SPD16_eabi.lib : fopen.c.obj (.text:__TI_cleanup)
                  0001782c    00000034                                   : trgmsg.c.obj (.text:__TI_readmsg)
                  00017860    00000034                                   : fopen.c.obj (.text:freopen)
                  00017894    00000034     ipv4.obj (.text:ipv4GetBroadcastAddr)
                  000178c8    00000034     modbus_client_misc.obj (.text:modbusClientGetResponsePdu)
                  000178fc    00000034     net.obj (.text:netSetHostname)
                  00017930    00000034     net.obj (.text:netSetInterfaceName)
                  00017964    00000034     freertos_builds_MSP_EXP432E401Y_release_ccs.lib : timers.obj (.text:prvSampleTimeNow)
                  00017998    00000034                                                     : tasks.obj (.text:vTaskPlaceOnEventList)
                  000179cc    00000034                                                     : tasks.obj (.text:vTaskSetThreadLocalStoragePointer)
                  00017a00    00000032     ipv4_frag.obj (.text:ipv4FlushFragQueue)
                  00017a32    00000032     modbus_server_misc.obj (.text:modbusServerGetRequestPdu)
                  00017a64    00000032     net.obj (.text:netGetRandRange)
                  00017a96    00000032     socket.obj (.text:socketAccept)
                  00017ac8    00000030     rtsv7M4_T_le_v4SPD16_eabi.lib : getdevice.c.obj (.text:finddevice)
                  00017af8    00000030     ip.obj (.text:ipAllocBuffer)
                  00017b28    00000030     ipv6_frag.obj (.text:ipv6FlushFragQueue)
                  00017b58    00000030     modbus_server_misc.obj (.text:modbusServerReadCoil)
                  00017b88    00000030     modbus_server_misc.obj (.text:modbusServerReadReg)
                  00017bb8    00000030     msp432e4_eth_driver.obj (.text:msp432e4EthInitGpio)
                  00017be8    00000030     socket.obj (.text:socketGetEvents)
                  00017c18    00000030     tcp_misc.obj (.text:tcpFastLossRecovery)
                  00017c48    00000030     tcp_misc.obj (.text:tcpFlushSynQueue)
                  00017c78    00000030     udp.obj (.text:udpInit)
                  00017ca8    00000030     freertos_builds_MSP_EXP432E401Y_release_ccs.lib : list.obj (.text:vListInitialise)
                  00017cd8    00000030                                                     : port.obj (.text:vPortExitCritical)
                  00017d08    00000030                                                     : tasks.obj (.text:xTaskGetSchedulerState)
                  00017d38    0000002e     ethernet.obj (.text:ethAllocBuffer)
                  00017d66    0000002e     ipv6_pmtu.obj (.text:ipv6GetPathMtu)
                  00017d94    0000002e     ipv6_pmtu.obj (.text:ipv6UpdatePathMtu)
                  00017dc2    0000002e     os_port_freertos.obj (.text:osWaitForEvent)
                  00017df0    0000002e     rtsv7M4_T_le_v4SPD16_eabi.lib : i_tofd_t2.asm.obj (.text)
                  00017e1e    0000002e     socket.obj (.text:socketReceive)
                  00017e4c    0000002e     socket.obj (.text:socketSend)
                  00017e7a    0000002e     rtsv7M4_T_le_v4SPD16_eabi.lib : strcasecmp.c.obj (.text:strcasecmp)
                  00017ea8    0000002c     msp432e4_driverlib.a : gpio_MSP432E411Y.obj (.text:GPIODirModeSet)
                  00017ed4    0000002c                          : gpio_MSP432E411Y.obj (.text:GPIOPinConfigure)
                  00017f00    0000002c     main_freertos.obj (.text:blinkTask)
                  00017f2c    0000002c     dns_cache.obj (.text:dnsDeleteEntry)
                  00017f58    0000002c     ipv4.obj (.text:ipv4SetSubnetMask)
                  00017f84    0000002c     net.obj (.text:netSetDriver)
                  00017fb0    0000002c     rtsv7M4_T_le_v4SPD16_eabi.lib : strncmp.c.obj (.text:strncmp)
                  00017fdc    0000002c     cpu_endian.obj (.text:swapInt32)
                  00018008    0000002c     tcp_timer.obj (.text:tcpTimerElapsed)
                  00018034    0000002c     rtsv7M4_T_le_v4SPD16_eabi.lib : unlink.c.obj (.text:unlink)
                  00018060    0000002c     freertos_builds_MSP_EXP432E401Y_release_ccs.lib : port.obj (.text:xPortSysTickHandler)
                  0001808c    0000002c                                                     : queue.obj (.text:xQueueCreateMutex)
                  000180b8    0000002a     modbus_client.obj (.text:modbusClientDisconnect)
                  000180e2    0000002a     freertos_builds_MSP_EXP432E401Y_release_ccs.lib : queue.obj (.text:prvInitialiseMutex)
                  0001810c    00000028     ethernet.obj (.text:ethUpdateErrorStats)
                  00018134    00000028     rtsv7M4_T_le_v4SPD16_eabi.lib : lseek.c.obj (.text:lseek)
                  0001815c    00000028     modbus_client_pdu.obj (.text:modbusClientParseExceptionResp)
                  00018184    00000028     msp432e4_eth_driver.obj (.text:msp432e4EthDumpPhyReg)
                  000181ac    00000028     nbns_common.obj (.text:nbnsInit)
                  000181d4    00000028     socket.obj (.text:socketSetTimeout)
                  000181fc    00000028     socket.obj (.text:socketUnregisterEvents)
                  00018224    00000028     tcp_misc.obj (.text:tcpDeleteControlBlock)
                  0001824c    00000028     rtsv7M4_T_le_v4SPD16_eabi.lib : write.c.obj (.text:write)
                  00018274    00000026     freertos_builds_MSP_EXP432E401Y_release_ccs.lib : queue.obj (.text:prvIsQueueFull)
                  0001829a    00000026     tcp_fsm.obj (.text:tcpStateClosed)
                  000182c0    00000026     udp.obj (.text:udpAllocBuffer)
                  000182e6    00000002     --HOLE-- [fill = 0]
                  000182e8    00000024     msp432e4_driverlib.a : interrupt_MSP432E411Y.obj (.text:IntPrioritySet)
                  0001830c    00000024     ethernet.obj (.text:ethUpdateOutStats)
                  00018330    00000024     igmp.obj (.text:igmpInit)
                  00018354    00000024     rtsv7M4_T_le_v4SPD16_eabi.lib : memcmp.c.obj (.text:memcmp)
                  00018378    00000024                                   : memmov.c.obj (.text:memmove)
                  0001839c    00000024     mld.obj (.text:mldStopListening)
                  000183c0    00000024     modbus_client.obj (.text:modbusClientDeinit)
                  000183e4    00000024     modbus_client.obj (.text:modbusClientGetExceptionCode)
                  00018408    00000024     freertos_builds_MSP_EXP432E401Y_release_ccs.lib : queue.obj (.text:prvGetDisinheritPriorityAfterTimeout)
                  0001842c    00000024     cpu_endian.obj (.text:swapInt16)
                  00018450    00000024     tcp.obj (.text:tcpGetState)
                  00018474    00000024     freertos_builds_MSP_EXP432E401Y_release_ccs.lib : queue.obj (.text:vQueueDelete)
                  00018498    00000024                                                     : tasks.obj (.text:vTaskInternalSetTimeOutState)
                  000184bc    00000022                                                     : aeabi_portable.obj (.text:__aeabi_errno_addr)
                  000184de    00000022     ipv4.obj (.text:ipv4CheckSourceAddr)
                  00018500    00000020     msp432e4_driverlib.a : interrupt_MSP432E411Y.obj (.text:IntPriorityGroupingSet)
                  00018520    00000020                          : uart_MSP432E411Y.obj (.text:UARTDisable)
                  00018540    00000020                          : sysctl_MSP432E411Y.obj (.text:_SysCtlMemTimingGet)
                  00018560    00000020     ethernet.obj (.text:ethUpdateInStats)
                  00018580    00000020     ipv6_misc.obj (.text:ipv6GetMulticastAddrScope)
                  000185a0    00000020     rtsv7M4_T_le_v4SPD16_eabi.lib : memchr.c.obj (.text:memchr)
                  000185c0    00000020     freertos_builds_MSP_EXP432E401Y_release_ccs.lib : queue.obj (.text:prvIsQueueEmpty)
                  000185e0    0000001e     ipv4.obj (.text:ipv4UpdateInStats)
                  000185fe    0000001e     ipv4.obj (.text:ipv4UpdateOutStats)
                  0001861c    0000001c     ipv4_frag.obj (.text:ipv4FindHole)
                  00018638    0000001c     ipv6_frag.obj (.text:ipv6FindHole)
                  00018654    0000001c     rtsv7M4_T_le_v4SPD16_eabi.lib : memccpy.c.obj (.text:memccpy)
                  00018670    0000001c     modbus_client.obj (.text:modbusClientSetTimeout)
                  0001868c    0000001c     net.obj (.text:netInitRand)
                  000186a8    0000001c     os_port_freertos.obj (.text:osCreateMutex)
                  000186c4    0000001c     freertos_builds_MSP_EXP432E401Y_release_ccs.lib : tasks.obj (.text:pvTaskIncrementMutexHeldCount)
                  000186e0    0000001c     socket.obj (.text:socketBindToInterface)
                  000186fc    0000001c     tcp_timer.obj (.text:tcpTimerStart)
                  00018718    0000001a     ipv6_misc.obj (.text:ipv6CheckSourceAddr)
                  00018732    0000001a     freertos_builds_MSP_EXP432E401Y_release_ccs.lib : timers.obj (.text:prvTimerTask)
                  0001874c    00000018     msp432e4_driverlib.a : gpio_MSP432E411Y.obj (.text:GPIOPinTypeGPIOOutput)
                  00018764    00000018     drivers_msp432e4.aem4f : PowerMSP432E4.oem4f (.text:Power_idleFunc)
                  0001877c    00000018     system_msp432e401y.obj (.text:SystemInit)
                  00018794    00000018     rtsv7M4_T_le_v4SPD16_eabi.lib : sprintf.c.obj (.text:_outs)
                  000187ac    00000018     arp.obj (.text:arpInit)
                  000187c4    00000018     dns_cache.obj (.text:dnsInit)
                  000187dc    00000018     freertos_builds_MSP_EXP432E401Y_release_ccs.lib : memory.obj (.text:free)
                  000187f4    00000018     rtsv7M4_T_le_v4SPD16_eabi.lib : strcmp.c.obj (.text:strcmp)
                  0001880c    00000016     msp432e4_driverlib.a : gpio_MSP432E411Y.obj (.text:GPIOPinTypeEthernetLED)
                  00018822    00000016                          : gpio_MSP432E411Y.obj (.text:GPIOPinTypeGPIOInput)
                  00018838    00000016                          : gpio_MSP432E411Y.obj (.text:GPIOPinTypeUART)
                  0001884e    00000016     freertos_builds_MSP_EXP432E401Y_release_ccs.lib : PTLS.obj (.text:PTLS_getBuf)
                  00018864    00000016                                                     : PTLS.obj (.text:PTLS_setBuf)
                  0001887a    00000016     igmp.obj (.text:igmpRand)
                  00018890    00000016     ipv6.obj (.text:ipv6UpdateInStats)
                  000188a6    00000016     ipv6.obj (.text:ipv6UpdateOutStats)
                  000188bc    00000016     mld.obj (.text:mldRand)
                  000188d2    00000016     ndp_cache.obj (.text:ndpFlushDestCache)
                  000188e8    00000016     os_port_freertos.obj (.text:osSetEventFromIsr)
                  000188fe    00000016     rtsv7M4_T_le_v4SPD16_eabi.lib : strchr.c.obj (.text:strchr)
                  00018914    00000014     msp432e4_driverlib.a : uart_MSP432E411Y.obj (.text:UARTEnable)
                  00018928    00000014     rtsv7M4_T_le_v4SPD16_eabi.lib : s_copysign.c.obj (.text:copysign)
                  0001893c    00000014     ethernet.obj (.text:ethInit)
                  00018950    00000014     ipv6_misc.obj (.text:ipv6FlushDnsServerList)
                  00018964    00000014     net_mem.obj (.text:netBufferFree)
                  00018978    00000014     os_port_freertos.obj (.text:osDeleteEvent)
                  0001898c    00000014     os_port_freertos.obj (.text:osReleaseMutex)
                  000189a0    00000014     os_port_freertos.obj (.text:osSetEvent)
                  000189b4    00000014     freertos_builds_MSP_EXP432E401Y_release_ccs.lib : tasks.obj (.text:prvDeleteTCB)
                  000189c8    00000014     rtsv7M4_T_le_v4SPD16_eabi.lib : strcpy.c.obj (.text:strcpy)
                  000189dc    00000014                                   : strlen.c.obj (.text:strlen)
                  000189f0    00000014     freertos_builds_MSP_EXP432E401Y_release_ccs.lib : tasks.obj (.text:xTaskGetCurrentTaskHandle)
                  00018a04    00000014                                                     : tasks.obj (.text:xTaskGetTickCount)
                  00018a18    00000012     ipv6.obj (.text:ipv6ParseAuthHeader)
                  00018a2a    00000012     ipv6.obj (.text:ipv6ParseEspHeader)
                  00018a3c    00000012     modbus_server_misc.obj (.text:modbusServerLock)
                  00018a4e    00000012     modbus_server_misc.obj (.text:modbusServerUnlock)
                  00018a60    00000012     os_port_freertos.obj (.text:osAcquireMutex)
                  00018a72    00000012     rtsv7M4_T_le_v4SPD16_eabi.lib : wcslen.c.obj (.text:wcslen)
                  00018a84    00000010     msp432e4_driverlib.a : fpu_MSP432E411Y.obj (.text:FPUEnable)
                  00018a94    00000010     debug.obj (.text:debugStreamOpen)
                  00018aa4    00000010     debug.obj (.text:debugStreamRead)
                  00018ab4    00000010     debug.obj (.text:debugStreamSeek)
                  00018ac4    00000010     rtsv7M4_T_le_v4SPD16_eabi.lib : isdigit.c.obj (.text:isdigit)
                  00018ad4    00000010                                   : isupper.c.obj (.text:isupper)
                  00018ae4    00000010                                   : isxdigit.c.obj (.text:isxdigit)
                  00018af4    00000010     modbus_server_misc.obj (.text:modbusServerGetResponsePdu)
                  00018b04    00000010     os_port_freertos.obj (.text:osAllocMem)
                  00018b14    00000010     os_port_freertos.obj (.text:osFreeMem)
                  00018b24    00000010     os_port_freertos.obj (.text:osResetEvent)
                  00018b34    00000010     os_port_freertos.obj (.text:osResumeAllTasks)
                  00018b44    00000010     os_port_freertos.obj (.text:osSuspendAllTasks)
                  00018b54    00000010     tcp_misc.obj (.text:tcpDumpHeader)
                  00018b64    00000010     tcp.obj (.text:tcpInit)
                  00018b74    00000010     tcp_timer.obj (.text:tcpTimerStop)
                  00018b84    00000010     rtsv7M4_T_le_v4SPD16_eabi.lib : toupper.c.obj (.text:toupper)
                  00018b94    00000010     freertos_builds_MSP_EXP432E401Y_release_ccs.lib : list.obj (.text:vListInitialiseItem)
                  00018ba4    00000010                                                     : tasks.obj (.text:vTaskSuspendAll)
                  00018bb4    0000000e     debug.obj (.text:debugStreamRename)
                  00018bc2    0000000e     rtsv7M4_T_le_v4SPD16_eabi.lib : copy_decompress_none.c.obj (.text:decompress:none:__TI_decompress_none)
                  00018bd0    0000000e     modbus_client_misc.obj (.text:modbusClientGetRequestPdu)
                  00018bde    0000000e     modbus_debug.obj (.text:modbusDumpRequestPdu)
                  00018bec    0000000e     modbus_debug.obj (.text:modbusDumpResponsePdu)
                  00018bfa    0000000e     tcp_timer.obj (.text:tcpTimerRunning)
                  00018c08    0000000c     startup_msp432e401y.obj (.text:Reset_Handler)
                  00018c14    0000000c     debug.obj (.text:debugStreamClose)
                  00018c20    0000000c     debug.obj (.text:debugStreamUnlink)
                  00018c2c    0000000c     rtsv7M4_T_le_v4SPD16_eabi.lib : copy_zero_init.c.obj (.text:decompress:ZI:__TI_zero_init)
                  00018c38    0000000c     net_mem.obj (.text:memPoolFree)
                  00018c44    0000000c     mld.obj (.text:mldInit)
                  00018c50    0000000c     msp432e4_eth_driver.obj (.text:msp432e4EthDisableIrq)
                  00018c5c    0000000c     msp432e4_eth_driver.obj (.text:msp432e4EthEnableIrq)
                  00018c68    0000000c     nic.obj (.text:nicGetLogicalInterface)
                  00018c74    0000000c     nic.obj (.text:nicGetPhysicalInterface)
                  00018c80    0000000c     os_port_freertos.obj (.text:osDelayTask)
                  00018c8c    0000000c     os_port_freertos.obj (.text:osGetSystemTime)
                  00018c98    0000000c     freertos_builds_MSP_EXP432E401Y_release_ccs.lib : tasks.obj (.text:vTaskMissedYield)
                  00018ca4    0000000a     msp432e4_driverlib.a : uart_MSP432E411Y.obj (.text:UARTCharPut)
                  00018cae    0000000a     rtsv7M4_T_le_v4SPD16_eabi.lib : sprintf.c.obj (.text:_outc)
                  00018cb8    0000000a     arp.obj (.text:arpDumpPacket)
                  00018cc2    0000000a     ethernet.obj (.text:ethDumpHeader)
                  00018ccc    0000000a     icmp.obj (.text:icmpDumpEchoMessage)
                  00018cd6    0000000a     icmp.obj (.text:icmpDumpErrorMessage)
                  00018ce0    0000000a     icmp.obj (.text:icmpDumpMessage)
                  00018cea    0000000a     icmpv6.obj (.text:icmpv6DumpDestUnreachableMessage)
                  00018cf4    0000000a     icmpv6.obj (.text:icmpv6DumpEchoMessage)
                  00018cfe    0000000a     icmpv6.obj (.text:icmpv6DumpErrorMessage)
                  00018d08    0000000a     icmpv6.obj (.text:icmpv6DumpMessage)
                  00018d12    0000000a     icmpv6.obj (.text:icmpv6DumpPacketTooBigMessage)
                  00018d1c    0000000a     igmp.obj (.text:igmpDumpMessage)
                  00018d26    0000000a     ipv4.obj (.text:ipv4DumpHeader)
                  00018d30    0000000a     ipv4_frag.obj (.text:ipv4DumpHoleList)
                  00018d3a    0000000a     ipv6.obj (.text:ipv6DumpHeader)
                  00018d44    0000000a     ipv6_frag.obj (.text:ipv6DumpHoleList)
                  00018d4e    0000000a     mld.obj (.text:mldDumpMessage)
                  00018d58    0000000a     msp432e4_eth_driver.obj (.text:msp432e4EthTick)
                  00018d62    0000000a     ndp.obj (.text:ndpDumpNeighborAdvMessage)
                  00018d6c    0000000a     ndp.obj (.text:ndpDumpNeighborSolMessage)
                  00018d76    0000000a     ndp.obj (.text:ndpDumpRedirectMessage)
                  00018d80    0000000a     ndp.obj (.text:ndpDumpRouterAdvMessage)
                  00018d8a    0000000a     ndp.obj (.text:ndpDumpRouterSolMessage)
                  00018d94    0000000a     udp.obj (.text:udpDumpHeader)
                  00018d9e    0000000a     freertos_builds_MSP_EXP432E401Y_release_ccs.lib : PowerMSP432E4_freertos.obj (.text:vPortSuppressTicksAndSleep)
                  00018da8    00000008     net.obj (.text:netGetDefaultInterface)
                  00018db0    00000008     os_port_freertos.obj (.text:osStartKernel)
                  00018db8    00000006     msp432e4_driverlib.a : gpio_MSP432E411Y.obj (.text:GPIOPinWrite)
                  00018dbe    00000004     rtsv7M4_T_le_v4SPD16_eabi.lib : fprintf.c.obj (.text:_outc)
                  00018dc2    00000004                                   : fprintf.c.obj (.text:_outs)
                  00018dc6    00000004                                   : pre_init.c.obj (.text:_system_pre_init)
                  00018dca    00000004                                   : exit.c.obj (.text:abort:abort)
                  00018dce    00000004     net_mem.obj (.text:memPoolInit)

.const     0    00018dd4    000005af     
                  00018dd4    000001b0     msp432e4_driverlib.a : sysctl_MSP432E411Y.obj (.const:g_pppui32XTALtoVCO)
                  00018f84    00000101     rtsv7M4_T_le_v4SPD16_eabi.lib : ctype.c.obj (.const:.string:_ctypes_)
                  00019085    00000003     --HOLE-- [fill = 0]
                  00019088    0000009c     msp432e4_driverlib.a : interrupt_MSP432E411Y.obj (.const:g_pui32Regs)
                  00019124    0000005e     dhcp_client.obj (.const:.string)
                  00019182    00000002     --HOLE-- [fill = 0]
                  00019184    00000048     msp432e4_driverlib.a : gpio_MSP432E411Y.obj (.const:g_pui32GPIOBaseAddrs)
                  000191cc    00000040     ethernet.obj (.const:.string:ethPadding)
                  0001920c    00000040     msp432e4_eth_driver.obj (.const:msp432e4EthDriver)
                  0001924c    00000030     msp432e4_driverlib.a : sysctl_MSP432E411Y.obj (.const:g_sXTALtoMEMTIM)
                  0001927c    00000028                          : sysctl_MSP432E411Y.obj (.const:g_pui32Xtals)
                  000192a4    00000020                          : interrupt_MSP432E411Y.obj (.const:g_pui32Priority)
                  000192c4    00000014     ip.obj (.const:IP_ADDR_ANY)
                  000192d8    00000014     msp432e4_driverlib.a : interrupt_MSP432E411Y.obj (.const:g_pui32Dii16Regs)
                  000192ec    00000014                          : interrupt_MSP432E411Y.obj (.const:g_pui32EnRegs)
                  00019300    00000010     ipv6.obj (.const:IPV6_LINK_LOCAL_ADDR_PREFIX)
                  00019310    00000010     ipv6.obj (.const:IPV6_LINK_LOCAL_ALL_NODES_ADDR)
                  00019320    00000010     ipv6.obj (.const:IPV6_LINK_LOCAL_ALL_ROUTERS_ADDR)
                  00019330    00000010     ipv6.obj (.const:IPV6_LOOPBACK_ADDR)
                  00019340    00000010     ipv6.obj (.const:IPV6_SOLICITED_NODE_ADDR_PREFIX)
                  00019350    00000010     ipv6.obj (.const:IPV6_UNSPECIFIED_ADDR)
                  00019360    00000008     freertos_builds_MSP_EXP432E401Y_release_ccs.lib : port.obj (.const)
                  00019368    00000008     msp432e4_driverlib.a : sysctl_MSP432E411Y.obj (.const:g_pui32VCOFrequencies)
                  00019370    00000007     dhcp_client.obj (.const:.string:dhcpOptionList)
                  00019377    00000006     ethernet.obj (.const:MAC_BROADCAST_ADDR)
                  0001937d    00000006     ethernet.obj (.const:MAC_UNSPECIFIED_ADDR)

.cinit     0    00019388    000001a0     
                  00019388    00000175     (.cinit..data.load) [load image, compression = lzss]
                  000194fd    00000003     --HOLE-- [fill = 0]
                  00019500    0000000c     (__TI_handler_table)
                  0001950c    00000004     --HOLE-- [fill = 0]
                  00019510    00000008     (.cinit..bss.load) [load image, compression = zero_init]
                  00019518    00000010     (__TI_cinit_table)

.init_array 
*          0    00000000    00000000     UNINITIALIZED

.bss       0    20000000    000268fd     UNINITIALIZED
                  20000000    00020000     freertos_builds_MSP_EXP432E401Y_release_ccs.lib : heap_4.obj (.bss:ucHeap)
                  20020000    00002400     msp432e4_eth_driver.obj (.bss:rxBuffer)
                  20022400    000016f8     (.common:socketTable)
                  20023af8    00001200     msp432e4_eth_driver.obj (.bss:txBuffer)
                  20024cf8    00000c0c     (.common:netInterface)
                  20025904    000004a4     (.common:modbusServerContext)
                  20025da8    000003a0     (.common:dnsCache)
                  20026148    00000234     (.common:modbusClientContext)
                  2002637c    00000120     rtsv7M4_T_le_v4SPD16_eabi.lib : trgmsg.c.obj (.bss:_CIOBUF_)
                  2002649c    000000c0     msp432e4_eth_driver.obj (.bss:rxDmaDesc)
                  2002655c    000000a0     (.common:__TI_tmpnams)
                  200265fc    000000a0     (.common:udpCallbackTable)
                  2002669c    00000060     msp432e4_eth_driver.obj (.bss:txDmaDesc)
                  200266fc    00000048     net.obj (.bss:callbackTable)
                  20026744    0000003c     freertos_builds_MSP_EXP432E401Y_release_ccs.lib : tasks.obj (.bss:pxReadyTasksLists)
                  20026780    00000028     ipv6.obj (.bss:buffer$1)
                  200267a8    00000020     (.common:modbusServerSettings)
                  200267c8    00000018     date_time.obj (.bss:buffer$1)
                  200267e0    00000014     freertos_builds_MSP_EXP432E401Y_release_ccs.lib : timers.obj (.bss:xActiveTimerList1)
                  200267f4    00000014                                                     : timers.obj (.bss:xActiveTimerList2)
                  20026808    00000014                                                     : tasks.obj (.bss:xDelayedTaskList1)
                  2002681c    00000014                                                     : tasks.obj (.bss:xDelayedTaskList2)
                  20026830    00000014                                                     : tasks.obj (.bss:xPendingReadyList)
                  20026844    00000014                                                     : tasks.obj (.bss:xSuspendedTaskList)
                  20026858    00000014                                                     : tasks.obj (.bss:xTasksWaitingTermination)
                  2002686c    00000010     ipv4.obj (.bss:buffer$1)
                  2002687c    0000000c     msp432e4_eth_driver.obj (.bss)
                  20026888    00000008     freertos_builds_MSP_EXP432E401Y_release_ccs.lib : tasks.obj (.bss)
                  20026890    00000008                                                     : timers.obj (.bss)
                  20026898    00000008     net.obj (.bss)
                  200268a0    00000008     freertos_builds_MSP_EXP432E401Y_release_ccs.lib : heap_4.obj (.bss:xStart)
                  200268a8    00000008     (.common:parmbuf)
                  200268b0    00000008     (.common:serverCoil)
                  200268b8    00000004     net.obj (.bss:callbackTableMutex)
                  200268bc    00000004     (.common:arpTickCounter)
                  200268c0    00000004     (.common:dhcpClientTickCounter)
                  200268c4    00000004     (.common:dnsTickCounter)
                  200268c8    00000004     (.common:igmpTickCounter)
                  200268cc    00000004     (.common:ipv4FragTickCounter)
                  200268d0    00000004     (.common:ipv6FragTickCounter)
                  200268d4    00000004     (.common:mldTickCounter)
                  200268d8    00000004     (.common:ndpTickCounter)
                  200268dc    00000004     (.common:netEvent)
                  200268e0    00000004     (.common:netMutex)
                  200268e4    00000004     (.common:netTaskHandle)
                  200268e8    00000004     (.common:nicTickCounter)
                  200268ec    00000004     (.common:serverReg)
                  200268f0    00000004     (.common:tcpTickCounter)
                  200268f4    00000004     (.common:udpCallbackMutex)
                  200268f8    00000002     tcp.obj (.bss)
                  200268fa    00000002     udp.obj (.bss)
                  200268fc    00000001     ip.obj (.bss)

.data      0    20027100    000003e8     UNINITIALIZED
                  20027100    0000016c     drivers_msp432e4.aem4f : PowerMSP432E4.oem4f (.data:PowerMSP432E4_module)
                  2002726c    000000f0     rtsv7M4_T_le_v4SPD16_eabi.lib : defs.c.obj (.data:_ftable)
                  2002735c    00000078                                   : write.c.obj (.data:_device)
                  200273d4    00000050                                   : write.c.obj (.data:_stream)
                  20027424    00000034     freertos_builds_MSP_EXP432E401Y_release_ccs.lib : tasks.obj (.data)
                  20027458    00000024     dhcp_client.obj (.data:stateLabel$1)
                  2002747c    00000018     freertos_builds_MSP_EXP432E401Y_release_ccs.lib : port.obj (.data)
                  20027494    00000010                                                     : heap_4.obj (.data)
                  200274a4    00000010     rtsv7M4_T_le_v4SPD16_eabi.lib : defs.c.obj (.data)
                  200274b4    0000000c                                   : exit.c.obj (.data:$O1$$)
                  200274c0    0000000c     freertos_builds_MSP_EXP432E401Y_release_ccs.lib : timers.obj (.data)
                  200274cc    00000008     rtsv7M4_T_le_v4SPD16_eabi.lib : _lock.c.obj (.data:$O1$$)
                  200274d4    00000004     main_freertos.obj (.data)
                  200274d8    00000004     net.obj (.data)
                  200274dc    00000004     rtsv7M4_T_le_v4SPD16_eabi.lib : add_device.c.obj (.data)
                  200274e0    00000004                                   : open.c.obj (.data)
                  200274e4    00000004     system_msp432e401y.obj (.data)

.stack     0    20026900    00000800     UNINITIALIZED
                  20026900    00000004     rtsv7M4_T_le_v4SPD16_eabi.lib : boot_cortex_m.c.obj (.stack)
                  20026904    000007fc     --HOLE--

MODULE SUMMARY

       Module                       code     ro data   rw data
       ------                       ----     -------   -------
    .\
       msp432e4_eth_driver.obj      2178     64        14124  
       socket.obj                   2074     0         5880   
       tcp_misc.obj                 6712     0         0      
       net.obj                      2354     0         3184   
       ipv6.obj                     4479     96        40     
       modbus_server_pdu.obj        4424     0         0      
       ndp.obj                      4248     0         4      
       main_freertos.obj            2442     0         1800   
       dhcp_client.obj              3246     101       40     
       ipv4.obj                     3092     0         16     
       tcp_fsm.obj                  2924     0         0      
       ipv6_misc.obj                2760     0         0      
       arp.obj                      2456     0         4      
       tcp.obj                      2362     0         6      
       udp.obj                      2074     0         166    
       ethernet.obj                 1938     76        0      
       dns_client.obj               1872     0         0      
       ipv6_frag.obj                1782     0         4      
       net_mem.obj                  1746     0         0      
       slaac.obj                    1676     0         0      
       ndp_misc.obj                 1634     0         0      
       dns_cache.obj                696      0         932    
       ipv4_frag.obj                1598     0         4      
       modbus_server_misc.obj       1586     0         0      
       mld.obj                      1352     0         4      
       icmpv6.obj                   1276     0         0      
       ndp_cache.obj                1130     0         0      
       igmp.obj                     1122     0         4      
       nic.obj                      1084     0         4      
       ip.obj                       1052     20        1      
       modbus_client_misc.obj       986      0         0      
       nbns_common.obj              968      0         0      
       tcp_timer.obj                942      0         0      
       nbns_client.obj              940      0         0      
       icmp.obj                     898      0         0      
       modbus_server.obj            762      0         0      
       dns_common.obj               712      0         0      
       modbus_client.obj            620      0         0      
       startup_msp432e401y.obj      14       520       0      
       nbns_responder.obj           468      0         0      
       os_port_freertos.obj         408      0         0      
       debug.obj                    398      0         0      
       date_time.obj                308      0         24     
       modbus_client_pdu.obj        272      0         0      
       dhcp_common.obj              128      0         0      
       ipv6_pmtu.obj                92       0         0      
       cpu_endian.obj               80       0         0      
       str.obj                      80       0         0      
       modbus_debug.obj             28       0         0      
       system_msp432e401y.obj       24       0         4      
    +--+----------------------------+--------+---------+---------+
       Total:                       78497    877       26245  
                                                              
    C:/ti/simplelink_msp432e4_sdk_2_20_00_20/source/ti/devices/msp432e4/driverlib/lib/ccs/m4f/msp432e4_driverlib.a
       sysctl_MSP432E411Y.obj       792      528       0      
       gpio_MSP432E411Y.obj         488      72        0      
[...]
00015b7d  vPortSetupTimerInterrupt                   
00015c2b  ipv4IsBroadcastAddr                        
00015c81  ipv6FlushPrefixList                        
00015cd5  ipv6SetDnsServer                           
00015d29  ltoa                                       
00015d7d  modbusServerWriteCoilCallback              
00015dd1  msp432e4EthReadPhyReg                      
00015e25  netBufferAppend                            
00015e79  netBufferAt                                
00015ecd  slaacLinkChangeEvent                       
00015f21  xTimerCreateTimerTask                      
00015fc7  ipStringToAddr                             
00016019  macAddrToEui64                             
0001606b  modbusServerTranslateExceptionCode         
000160bd  SysCtlPeripheralReset                      
0001610d  debugInit                                  
0001615d  dhcpClientCheckTimeout                     
000161ad  ethPadFrame                                
000161fd  ipCalcUpperLayerChecksumEx                 
0001624d  ipIsUnspecifiedAddr                        
0001629d  ipv4AddrToString                           
000162ed  ipv6IsTentativeAddr                        
0001633d  modbusServerReadCoilCallback               
0001638d  modbusServerReadRegCallback                
000163dd  ndpFindNeighborCacheEntry                  
0001642d  strSafeCopy                                
0001647d  tcpGetDynamicPort                          
000164cd  tcpStateLastAck                            
0001651d  udpGetDynamicPort                          
0001656d  ipv4MapMulticastAddrToMac                  
000165bb  ndpInit                                    
00016609  __TI_doflush                               
00016655  atoi                                       
000166a1  ipv4SetDnsServer                           
000166ed  ipv6FlushDefaultRouterList                 
000167d1  tcpWaitForEvents                           
0001681d  vPortEnterCritical                         
00016869  arpFindEntry                               
000168fd  exit                                       
00016945  ioInit                                     
0001698d  ipAddrToString                             
000169d5  memPoolAlloc                               
00016a1d  ndpFindDestCacheEntry                      
00016a65  nicUpdateMacAddrFilter                     
00016aad  __aeabi_d2iz                               
00016af5  socketBind                                 
00016b3d  tcpIsDuplicateAck                          
00016b85  tcpListen                                  
00016bcd  uxListRemove                               
00016c15  ipv6GenerateLinkLocalAddr                  
00016c5b  ipv6MapMulticastAddrToMac                  
00016ca1  HOSTclose                                  
00016ce5  HOSTunlink                                 
00016d29  __TI_auto_init_nobinit_nopinit             
00016d6d  dnsFlushCache                              
00016db1  getdevice                                  
00016e39  UARTConfigSetExpClk                        
00016e7b  malloc                                     
00016ebd  modbusServerGetDefaultSettings             
00016eff  tcpChangeState                             
00016f41  netSetMacAddr                              
00016f81  sprintf                                    
00016fc1  vTaskPlaceOnEventListRestricted            
0001703f  modbusServerWriteReg                       
0001707d  osCreateEvent                              
000170bd  SysCtlPeripheralReady                      
000170f9  arpFlushCache                              
00017135  debugStreamWrite                           
00017171  dhcpClientStateInit                        
000171ad  dhcpClientStateInitReboot                  
000171e9  ipv4LinkChangeEvent                        
00017225  ipv6ComputeSolicitedNodeAddr               
00017261  ndpCheckOptions                            
0001729d  ndpFlushNeighborCache                      
00017351  pvTaskGetThreadLocalStoragePointer         
0001738d  socketListen                               
000173c9  strncasecmp                                
00017405  vListInsertEnd                             
00017441  arpFlushQueuedPackets                      
0001747b  modbusServerWriteCoil                      
000174b5  osCreateTask                               
000174ef  tcpFlushRetransmitQueue                    
00017529  __TI_writemsg                              
00017557  C$$IO$$                                    
00017561  _c_int00_noargs                            
00017599  fputc                                      
000175d1  icmpv6ProcessDestUnreachable               
00017609  ipv4SetDefaultGateway                      
00017641  modbusClientInit                           
00017679  nicTick                                    
00017721  dhcpClientComputeElapsedTime               
00017757  netBufferGetLength                         
0001778d  strncpy                                    
000177c5  SysCtlPeripheralEnable                     
000177f9  __TI_cleanup                               
0001782d  __TI_readmsg                               
00017861  freopen                                    
00017895  ipv4GetBroadcastAddr                       
000178c9  modbusClientGetResponsePdu                 
000178fd  netSetHostname                             
00017931  netSetInterfaceName                        
00017999  vTaskPlaceOnEventList                      
000179cd  vTaskSetThreadLocalStoragePointer          
00017a01  ipv4FlushFragQueue                         
00017a33  modbusServerGetRequestPdu                  
00017a65  netGetRandRange                            
00017a97  socketAccept                               
00017ac9  finddevice                                 
00017af9  ipAllocBuffer                              
00017b29  ipv6FlushFragQueue                         
00017b59  modbusServerReadCoil                       
00017b89  modbusServerReadReg                        
00017bb9  msp432e4EthInitGpio                        
00017be9  socketGetEvents                            
00017c19  tcpFastLossRecovery                        
00017c49  tcpFlushSynQueue                           
00017c79  udpInit                                    
00017ca9  vListInitialise                            
00017cd9  vPortExitCritical                          
00017d09  xTaskGetSchedulerState                     
00017d39  ethAllocBuffer                             
00017d67  ipv6GetPathMtu                             
00017d95  ipv6UpdatePathMtu                          
00017dc3  osWaitForEvent                             
00017df1  __aeabi_i2d                                
00017e1f  socketReceive                              
00017e4d  socketSend                                 
00017e7b  strcasecmp                                 
00017ea9  GPIODirModeSet                             
00017ed5  GPIOPinConfigure                           
00017f01  blinkTask                                  
00017f2d  dnsDeleteEntry                             
00017f59  ipv4SetSubnetMask                          
00017f85  netSetDriver                               
00017fb1  strncmp                                    
00017fdd  swapInt32                                  
00018009  tcpTimerElapsed                            
00018035  remove                                     
00018035  unlink                                     
00018061  xPortSysTickHandler                        
0001808d  xQueueCreateMutex                          
000180b9  modbusClientDisconnect                     
0001810d  ethUpdateErrorStats                        
00018135  lseek                                      
0001815d  modbusClientParseExceptionResp             
00018185  msp432e4EthDumpPhyReg                      
000181ad  nbnsInit                                   
000181d5  socketSetTimeout                           
000181fd  socketUnregisterEvents                     
00018225  tcpDeleteControlBlock                      
0001824d  write                                      
0001829b  tcpStateClosed                             
000182c1  udpAllocBuffer                             
000182e9  IntPrioritySet                             
0001830d  ethUpdateOutStats                          
00018331  igmpInit                                   
00018355  memcmp                                     
00018379  memmove                                    
0001839d  mldStopListening                           
000183c1  modbusClientDeinit                         
000183e5  modbusClientGetExceptionCode               
0001842d  swapInt16                                  
00018451  tcpGetState                                
00018475  vQueueDelete                               
00018499  vTaskInternalSetTimeOutState               
000184bd  __aeabi_errno_addr                         
000184df  ipv4CheckSourceAddr                        
00018501  IntPriorityGroupingSet                     
00018521  UARTDisable                                
00018561  ethUpdateInStats                           
00018581  ipv6GetMulticastAddrScope                  
000185a1  memchr                                     
000185e1  ipv4UpdateInStats                          
000185ff  ipv4UpdateOutStats                         
0001861d  ipv4FindHole                               
00018639  ipv6FindHole                               
00018655  memccpy                                    
00018671  modbusClientSetTimeout                     
0001868d  netInitRand                                
000186a9  osCreateMutex                              
000186c5  pvTaskIncrementMutexHeldCount              
000186e1  socketBindToInterface                      
000186fd  tcpTimerStart                              
00018719  ipv6CheckSourceAddr                        
0001874d  GPIOPinTypeGPIOOutput                      
00018765  Power_idleFunc                             
0001877d  SystemInit                                 
000187ad  arpInit                                    
000187c5  dnsInit                                    
000187dd  free                                       
000187f5  strcmp                                     
0001880d  GPIOPinTypeEthernetLED                     
00018823  GPIOPinTypeGPIOInput                       
00018839  GPIOPinTypeUART                            
0001884f  PTLS_getBuf                                
00018865  PTLS_setBuf                                
0001887b  igmpRand                                   
00018891  ipv6UpdateInStats                          
000188a7  ipv6UpdateOutStats                         
000188bd  mldRand                                    
000188d3  ndpFlushDestCache                          
000188e9  osSetEventFromIsr                          
000188ff  strchr                                     
00018915  UARTEnable                                 
00018929  copysign                                   
00018929  copysignl                                  
0001893d  ethInit                                    
00018951  ipv6FlushDnsServerList                     
00018965  netBufferFree                              
00018979  osDeleteEvent                              
0001898d  osReleaseMutex                             
000189a1  osSetEvent                                 
000189c9  strcpy                                     
000189dd  strlen                                     
000189f1  xTaskGetCurrentTaskHandle                  
00018a05  xTaskGetTickCount                          
00018a19  ipv6ParseAuthHeader                        
00018a2b  ipv6ParseEspHeader                         
00018a3d  modbusServerLock                           
00018a4f  modbusServerUnlock                         
00018a61  osAcquireMutex                             
00018a73  wcslen                                     
00018a85  FPUEnable                                  
00018a95  debugStreamOpen                            
00018aa5  debugStreamRead                            
00018ab5  debugStreamSeek                            
00018ac5  isdigit                                    
00018ad5  isupper                                    
00018ae5  isxdigit                                   
00018af5  modbusServerGetResponsePdu                 
00018b05  osAllocMem                                 
00018b15  osFreeMem                                  
00018b25  osResetEvent                               
00018b35  osResumeAllTasks                           
00018b45  osSuspendAllTasks                          
00018b55  tcpDumpHeader                              
00018b65  tcpInit                                    
00018b75  tcpTimerStop                               
00018b85  toupper                                    
00018b95  vListInitialiseItem                        
00018ba5  vTaskSuspendAll                            
00018bb5  debugStreamRename                          
00018bc3  __TI_decompress_none                       
00018bd1  modbusClientGetRequestPdu                  
00018bdf  modbusDumpRequestPdu                       
00018bed  modbusDumpResponsePdu                      
00018bfb  tcpTimerRunning                            
00018c09  Reset_Handler                              
00018c15  debugStreamClose                           
00018c21  debugStreamUnlink                          
00018c2d  __TI_zero_init                             
00018c39  memPoolFree                                
00018c45  mldInit                                    
00018c51  msp432e4EthDisableIrq                      
00018c5d  msp432e4EthEnableIrq                       
00018c69  nicGetLogicalInterface                     
00018c75  nicGetPhysicalInterface                    
00018c81  osDelayTask                                
00018c8d  osGetSystemTime                            
00018c99  vTaskMissedYield                           
00018ca5  UARTCharPut                                
00018cb9  arpDumpPacket                              
00018cc3  ethDumpHeader                              
00018ccd  icmpDumpEchoMessage                        
00018cd7  icmpDumpErrorMessage                       
00018ce1  icmpDumpMessage                            
00018ceb  icmpv6DumpDestUnreachableMessage           
00018cf5  icmpv6DumpEchoMessage                      
00018cff  icmpv6DumpErrorMessage                     
00018d09  icmpv6DumpMessage                          
00018d13  icmpv6DumpPacketTooBigMessage              
00018d1d  igmpDumpMessage                            
00018d27  ipv4DumpHeader                             
00018d31  ipv4DumpHoleList                           
00018d3b  ipv6DumpHeader                             
00018d45  ipv6DumpHoleList                           
00018d4f  mldDumpMessage                             
00018d59  msp432e4EthTick                            
00018d63  ndpDumpNeighborAdvMessage                  
00018d6d  ndpDumpNeighborSolMessage                  
00018d77  ndpDumpRedirectMessage                     
00018d81  ndpDumpRouterAdvMessage                    
00018d8b  ndpDumpRouterSolMessage                    
00018d95  udpDumpHeader                              
00018d9f  vPortSuppressTicksAndSleep                 
00018da9  netGetDefaultInterface                     
00018db1  osStartKernel                              
00018db9  GPIOPinWrite                               
00018dc7  _system_pre_init                           
00018dcb  C$$EXIT                                    
00018dcb  abort                                      
00018dcf  memPoolInit                                
00018f84  _ctypes_                                   
000191cc  ethPadding                                 
0001920c  msp432e4EthDriver                          
000192c4  IP_ADDR_ANY                                
00019300  IPV6_LINK_LOCAL_ADDR_PREFIX                
00019310  IPV6_LINK_LOCAL_ALL_NODES_ADDR             
00019320  IPV6_LINK_LOCAL_ALL_ROUTERS_ADDR           
00019330  IPV6_LOOPBACK_ADDR                         
00019340  IPV6_SOLICITED_NODE_ADDR_PREFIX            
00019350  IPV6_UNSPECIFIED_ADDR                      
00019360  ulMaxSyscallInterruptPriority              
00019370  dhcpOptionList                             
00019377  MAC_BROADCAST_ADDR                         
0001937d  MAC_UNSPECIFIED_ADDR                       
00019500  __TI_Handler_Table_Base                    
0001950c  __TI_Handler_Table_Limit                   
00019518  __TI_CINIT_Base                            
00019528  __TI_CINIT_Limit                           
20022400  socketTable                                
20024cf8  netInterface                               
20025904  modbusServerContext                        
20025da8  dnsCache                                   
20026148  modbusClientContext                        
2002637c  __CIOBUF_                                  
2002655c  __TI_tmpnams                               
200265fc  udpCallbackTable                           
200267a8  modbusServerSettings                       
200268a8  parmbuf                                    
200268b0  serverCoil                                 
200268bc  arpTickCounter                             
200268c0  dhcpClientTickCounter                      
200268c4  dnsTickCounter                             
200268c8  igmpTickCounter                            
200268cc  ipv4FragTickCounter                        
200268d0  ipv6FragTickCounter                        
200268d4  mldTickCounter                             
200268d8  ndpTickCounter                             
200268dc  netEvent                                   
200268e0  netMutex                                   
200268e4  netTaskHandle                              
200268e8  nicTickCounter                             
200268ec  serverReg                                  
200268f0  tcpTickCounter                             
200268f4  udpCallbackMutex                           
20026900  __stack                                    
20026b00  __STACK_TOP                                
20027100  PowerMSP432E4_module                       
20027100  __STACK_END                                
2002726c  _ftable                                    
2002735c  _device                                    
200273d4  _stream                                    
20027424  pxCurrentTCB                               
200274a4  __TI_ft_end                                
200274a8  __aeabi_stdin                              
200274ac  __aeabi_stdout                             
200274b0  __aeabi_stderr                             
200274b4  __TI_cleanup_ptr                           
200274b8  __TI_dtors_ptr                             
200274bc  __TI_enable_exit_profile_output            
200274cc  _lock                                      
200274d0  _unlock                                    
200274d4  device_id                                  
200274e4  SystemCoreClock                            
ffffffff  __TI_pprof_out_hndl                        
ffffffff  __TI_prof_data_size                        
ffffffff  __TI_prof_data_start                       
ffffffff  __binit__                                  
ffffffff  __c_args__                                 
ffffffff  binit                                      
UNDEFED   __mpu_init                                 
UNDEFED   _system_post_cinit                         

[833 symbols]
