******************************************************************************
                  TI ARM Linker PC v18.1.2                     
******************************************************************************
>> Linked Mon Apr  8 14:23:56 2019

OUTPUT FILE NAME:   <outofbox_msp432e401y_MSP_EXP432E401Y_freertos_ccs.out>
ENTRY POINT SYMBOL: "_c_int00_noargs"  address: 00015655


MEMORY CONFIGURATION

         name            origin    length      used     unused   attr    fill
----------------------  --------  ---------  --------  --------  ----  --------
  FLASH                 00000000   00100000  000174cf  000e8b31  R  X
  SRAM                  20000000   00040000  0002709d  00018f63  RW X


SEGMENT ALLOCATION MAP

run origin  load origin   length   init length attrs members
----------  ----------- ---------- ----------- ----- -------
00000000    00000000    000174d0   000174d0    r-x
  00000000    00000000    00000208   00000208    r-- .intvecs
  00000208    00000208    00016b88   00016b88    r-x .text
  00016d90    00016d90    000005a7   000005a7    r-- .const
  00017338    00017338    00000198   00000198    r-- .cinit
20000000    20000000    000270a4   00000000    rw-
  20000000    20000000    000264b9   00000000    rw- .bss
  200264c0    200264c0    00000800   00000000    rw- .stack
  20026cc0    20026cc0    000003e4   00000000    rw- .data


SECTION ALLOCATION MAP

 output                                  attributes/
section   page    origin      length       input sections
--------  ----  ----------  ----------   ----------------
.intvecs   0    00000000    00000208     
                  00000000    00000208     startup_msp432e401y.obj (.intvecs:retain)

.text      0    00000208    00016b88     
                  00000208    00000a5e     rtsv7M4_T_le_v4SPD16_eabi.lib : _printfi.c.obj (.text:__TI_printfi)
                  00000c66    00000002     startup_msp432e401y.obj (.text:Default_Handler)
                  00000c68    00000424     main_freertos.obj (.text:main)
                  0000108c    00000390     ipv6_frag.obj (.text:ipv6ParseFragmentHeader)
                  0000141c    00000348     tcp_fsm.obj (.text:tcpProcessSegment)
                  00001764    00000348     tcp_timer.obj (.text:tcpTick)
                  00001aac    00000310     dns_client.obj (.text:dnsProcessResponse)
                  00001dbc    000002ec     tcp_misc.obj (.text:tcpSendSegment)
                  000020a8    000002e4     ipv4_frag.obj (.text:ipv4ReassembleDatagram)
                  0000238c    000002bc     ipv6.obj (.text:ipv6SendPacket)
                  00002648    000002b0     nic.obj (.text:nicNotifyLinkChange)
                  000028f8    000002a8     main_freertos.obj (.text:modbusClientTest)
                  00002ba0    000002a8     ndp.obj (.text:ndpProcessRouterAdv)
                  00002e48    000002a8     net.obj (.text:netTick)
                  000030f0    000002a8     udp.obj (.text:udpProcessDatagram)
                  00003398    00000278     slaac.obj (.text:slaacParsePrefixInfoOption)
                  00003610    00000270     rtsv7M4_T_le_v4SPD16_eabi.lib : _printfi.c.obj (.text:_pconv_a)
                  00003880    0000026c     ipv6.obj (.text:ipv6ProcessPacket)
                  00003aec    0000025e     tcp_misc.obj (.text:tcpCheckAck)
                  00003d4a    00000002     rtsv7M4_T_le_v4SPD16_eabi.lib : _lock.c.obj (.text:_nop)
                  00003d4c    00000254     modbus_client_misc.obj (.text:modbusClientTransaction)
                  00003fa0    00000248     dns_client.obj (.text:dnsResolve)
                  000041e8    0000023c     ipv4.obj (.text:ipv4SendPacket)
                  00004424    00000238     slaac.obj (.text:slaacDumpConfig)
                  0000465c    00000234     tcp_misc.obj (.text:tcpNagleAlgo)
                  00004890    00000230     dhcp_client.obj (.text:dhcpClientDumpConfig)
                  00004ac0    00000230     ndp.obj (.text:ndpProcessNeighborAdv)
                  00004cf0    00000224     ndp.obj (.text:ndpProcessRedirect)
                  00004f14    00000220     ndp.obj (.text:ndpProcessNeighborSol)
                  00005134    00000218     tcp_misc.obj (.text:tcpUpdateEvents)
                  0000534c    000001f8     dns_client.obj (.text:dnsSendQuery)
                  00005544    000001f0     msp432e4_driverlib.a : sysctl_MSP432E411Y.obj (.text:SysCtlClockFreqSet)
                  00005734    000001eb     ipv6.obj (.text:ipv6StringToAddr)
                  0000591f    00000001     --HOLE-- [fill = 0]
                  00005920    000001d4     tcp.obj (.text:tcpReceive)
                  00005af4    000001d0     rtsv7M4_T_le_v4SPD16_eabi.lib : _printfi.c.obj (.text:_pconv_g)
                  00005cc4    000001d0     freertos_builds_MSP_EXP432E401Y_release_ccs.lib : queue.obj (.text:xQueueSemaphoreTake)
                  00005e94    000001c4     msp432e4_eth_driver.obj (.text:msp432e4EthInit)
                  00006058    000001bc     net.obj (.text:netInit)
                  00006214    000001b8     freertos_builds_MSP_EXP432E401Y_release_ccs.lib : queue.obj (.text:xQueueGenericSend)
                  000063cc    000001b6     rtsv7M4_T_le_v4SPD16_eabi.lib : fd_add_t2.asm.obj (.text)
                  00006582    000001b6     tcp.obj (.text:tcpConnect)
                  00006738    000001b2     tcp_misc.obj (.text:tcpSendResetSegment)
                  000068ea    000001b2     tcp_fsm.obj (.text:tcpStateSynSent)
                  00006a9c    000001ac     icmpv6.obj (.text:icmpv6SendErrorMessage)
                  00006c48    000001a8     ndp.obj (.text:ndpSendNeighborAdv)
                  00006df0    00000190     ipv4.obj (.text:ipv4SelectSourceAddr)
                  00006f80    00000190     ndp_misc.obj (.text:ndpUpdateAddrList)
                  00007110    0000018c     msp432e4_eth_driver.obj (.text:msp432e4EthInitDmaDesc)
                  0000729c    00000188     ipv6_misc.obj (.text:ipv6SelectSourceAddr)
                  00007424    00000188     tcp_fsm.obj (.text:tcpStateListen)
                  000075ac    00000184     dhcp_client.obj (.text:dhcpClientSendRequest)
                  00007730    00000182     net_mem.obj (.text:netBufferCopy)
                  000078b2    00000002     os_port_freertos.obj (.text:osInitKernel)
                  000078b4    0000017c     freertos_builds_MSP_EXP432E401Y_release_ccs.lib : queue.obj (.text:xQueueReceive)
                  00007a30    00000178                                                     : heap_4.obj (.text:pvPortMalloc)
                  00007ba8    0000016c     ndp_cache.obj (.text:ndpUpdateNeighborCache)
                  00007d14    0000016a     udp.obj (.text:udpSendDatagramEx)
                  00007e7e    00000168     tcp.obj (.text:tcpSend)
                  00007fe6    00000002     rtsv7M4_T_le_v4SPD16_eabi.lib : div0.asm.obj (.text)
                  00007fe8    00000160     net.obj (.text:netTask)
                  00008148    00000154     nbns_client.obj (.text:nbnsResolve)
                  0000829c    00000150     net.obj (.text:netConfigInterface)
                  000083ec    0000014e     icmp.obj (.text:icmpSendErrorMessage)
                  0000853a    00000002     main_freertos.obj (.text:vApplicationMallocFailedHook)
                  0000853c    0000014c     ethernet.obj (.text:ethProcessFrame)
                  00008688    00000148     arp.obj (.text:arpTick)
                  000087d0    00000142     nbns_responder.obj (.text:nbnsSendResponse)
                  00008912    00000142     net_mem.obj (.text:netBufferSetLength)
                  00008a54    00000140     icmpv6.obj (.text:icmpv6ProcessEchoRequest)
                  00008b94    0000013e     ipv4_frag.obj (.text:ipv4SearchFragQueue)
                  00008cd2    00000002     --HOLE-- [fill = 0]
                  00008cd4    0000013c     rtsv7M4_T_le_v4SPD16_eabi.lib : _printfi.c.obj (.text:_pconv_e)
                  00008e10    00000138     icmpv6.obj (.text:icmpv6ProcessMessage)
                  00008f48    00000138     ipv6_frag.obj (.text:ipv6SearchFragQueue)
                  00009080    00000138     nbns_client.obj (.text:nbnsProcessResponse)
                  000091b8    00000138     ndp.obj (.text:ndpSendNeighborSol)
                  000092f0    00000138     freertos_builds_MSP_EXP432E401Y_release_ccs.lib : tasks.obj (.text:xTaskIncrementTick)
                  00009428    00000136     rtsv7M4_T_le_v4SPD16_eabi.lib : fd_div_t2.asm.obj (.text)
                  0000955e    00000002     --HOLE-- [fill = 0]
                  00009560    00000134     date_time.obj (.text:formatSystemTime)
                  00009694    00000130     msp432e4_driverlib.a : gpio_MSP432E411Y.obj (.text:GPIOPadConfigSet)
                  000097c4    00000130     dns_cache.obj (.text:dnsTick)
                  000098f4    00000130     ipv6_misc.obj (.text:ipv6SetAddr)
                  00009a24    00000130     nbns_common.obj (.text:nbnsCompareName)
                  00009b54    0000012c     ipv6_frag.obj (.text:ipv6FragmentDatagram)
                  00009c80    0000012c     ipv6.obj (.text:ipv6ParseOptions)
                  00009dac    0000012a     nbns_common.obj (.text:nbnsParseName)
                  00009ed6    00000122     tcp_misc.obj (.text:tcpUpdateSackBlocks)
                  00009ff8    00000120     arp.obj (.text:arpProcessReply)
                  0000a118    00000120     rtsv7M4_T_le_v4SPD16_eabi.lib : _printfi.c.obj (.text:fcvt)
                  0000a238    00000120     nbns_client.obj (.text:nbnsSendQuery)
                  0000a358    00000120     ndp.obj (.text:ndpSendRouterSol)
                  0000a478    0000011e     freertos_builds_MSP_EXP432E401Y_release_ccs.lib : tasks.obj (.text:prvInitialiseNewTask)
                  0000a596    00000002     --HOLE-- [fill = 0]
                  0000a598    0000011c                                                     : tasks.obj (.text:xTaskResumeAll)
                  0000a6b4    00000118     dns_common.obj (.text:dnsParseName)
                  0000a7cc    00000118     ipv4.obj (.text:ipv4ProcessDatagram)
                  0000a8e4    00000118     freertos_builds_MSP_EXP432E401Y_release_ccs.lib : timers.obj (.text:prvProcessReceivedCommands)
                  0000a9fc    00000116     ipv4_frag.obj (.text:ipv4FragmentDatagram)
                  0000ab12    00000116     ndp.obj (.text:ndpEnqueuePacket)
                  0000ac28    00000114     rtsv7M4_T_le_v4SPD16_eabi.lib : fputs.c.obj (.text:fputs)
                  0000ad3c    00000114     mld.obj (.text:mldProcessListenerQuery)
                  0000ae50    00000110     dhcp_client.obj (.text:dhcpClientSendDiscover)
                  0000af60    00000110     socket.obj (.text:getHostByName)
                  0000b070    00000110     ipv6_misc.obj (.text:ipv6AddPrefix)
                  0000b180    00000110     rtsv7M4_T_le_v4SPD16_eabi.lib : s_scalbn.c.obj (.text:scalbn)
                  0000b290    00000110     socket.obj (.text:socketOpen)
                  0000b3a0    00000110     freertos_builds_MSP_EXP432E401Y_release_ccs.lib : tasks.obj (.text:vTaskPriorityDisinheritAfterTimeout)
                  0000b4b0    0000010e     tcp_misc.obj (.text:tcpComputeRto)
                  0000b5be    00000106     modbus_client.obj (.text:modbusClientConnect)
                  0000b6c4    00000106     tcp_misc.obj (.text:tcpProcessSegmentData)
                  0000b7ca    00000104     tcp_misc.obj (.text:tcpCheckSequenceNumber)
                  0000b8ce    00000102     ip.obj (.text:ipCalcChecksum)
                  0000b9d0    00000102     freertos_builds_MSP_EXP432E401Y_release_ccs.lib : queue.obj (.text:xQueueGenericSendFromISR)
                  0000bad2    00000100     icmp.obj (.text:icmpProcessEchoRequest)
                  0000bbd2    00000100     net_mem.obj (.text:netBufferConcat)
                  0000bcd2    000000fc     dns_common.obj (.text:dnsCompareName)
                  0000bdce    00000002     --HOLE-- [fill = 0]
                  0000bdd0    000000fc     ipv6.obj (.text:ipv6AddrToString)
                  0000becc    000000fc     msp432e4_eth_driver.obj (.text:msp432e4EthEventHandler)
                  0000bfc8    000000fc     rtsv7M4_T_le_v4SPD16_eabi.lib : fd_mul_t2.asm.obj (.text)
                  0000c0c4    000000fc     tcp_misc.obj (.text:tcpUpdateSendWindow)
                  0000c1c0    000000f8     dhcp_client.obj (.text:dhcpClientSendDecline)
                  0000c2b8    000000f8     ipv6_misc.obj (.text:ipv6CheckDestAddr)
                  0000c3b0    000000f8     ethernet.obj (.text:macStringToAddr)
                  0000c4a8    000000f8     ndp_misc.obj (.text:ndpSelectDefaultRouter)
                  0000c5a0    000000f8     slaac.obj (.text:slaacParseRouterAdv)
                  0000c698    000000f6     tcp_fsm.obj (.text:tcpStateFinWait1)
                  0000c78e    000000f4     ip.obj (.text:ipCalcChecksumEx)
                  0000c882    00000002     --HOLE-- [fill = 0]
                  0000c884    000000f0     ethernet.obj (.text:ethCalcCrcEx)
                  0000c974    000000ee     arp.obj (.text:arpEnqueuePacket)
                  0000ca62    000000ee     freertos_builds_MSP_EXP432E401Y_release_ccs.lib : queue.obj (.text:xQueueGiveFromISR)
                  0000cb50    000000ec     ipv4.obj (.text:ipv4ProcessPacket)
                  0000cc3c    000000ec     mld.obj (.text:mldSendListenerDone)
                  0000cd28    000000e8     mld.obj (.text:mldSendListenerReport)
                  0000ce10    000000e8     freertos_builds_MSP_EXP432E401Y_release_ccs.lib : tasks.obj (.text:xTaskPriorityInherit)
                  0000cef8    000000e6     ethernet.obj (.text:ethSendFrame)
                  0000cfde    00000002     --HOLE-- [fill = 0]
                  0000cfe0    000000e4     igmp.obj (.text:igmpProcessQueryMessage)
                  0000d0c4    000000e0     tcp_misc.obj (.text:tcpRetransmitSegment)
                  0000d1a4    000000e0     freertos_builds_MSP_EXP432E401Y_release_ccs.lib : tasks.obj (.text:xTaskPriorityDisinherit)
                  0000d284    000000dc     ipv4.obj (.text:ipv4JoinMulticastGroup)
                  0000d360    000000dc     ipv6.obj (.text:ipv6JoinMulticastGroup)
                  0000d43c    000000dc     rtsv7M4_T_le_v4SPD16_eabi.lib : setvbuf.c.obj (.text:setvbuf)
                  0000d518    000000dc     tcp_misc.obj (.text:tcpAddOption)
                  0000d5f4    000000dc     freertos_builds_MSP_EXP432E401Y_release_ccs.lib : tasks.obj (.text:vTaskSwitchContext)
                  0000d6d0    000000da                                                     : portasm.obj (.text)
                  0000d7aa    000000d6     ndp.obj (.text:ndpResolve)
                  0000d880    000000d4     arp.obj (.text:arpProcessPacket)
                  0000d954    000000d4     arp.obj (.text:arpResolve)
                  0000da28    000000d0     rtsv7M4_T_le_v4SPD16_eabi.lib : fopen.c.obj (.text:_openfile)
                  0000daf8    000000d0     arp.obj (.text:arpSendRequest)
                  0000dbc8    000000d0     freertos_builds_MSP_EXP432E401Y_release_ccs.lib : port.obj (.text:xPortStartScheduler)
                  0000dc98    000000cc     igmp.obj (.text:igmpLinkChangeEvent)
                  0000dd64    000000cc     tcp_misc.obj (.text:tcpUpdateRetransmitQueue)
                  0000de30    000000cc     udp.obj (.text:udpReceiveDatagram)
                  0000defc    000000ca     ipv6.obj (.text:ipv6ParseHopByHopOptHeader)
                  0000dfc6    00000002     --HOLE-- [fill = 0]
                  0000dfc8    000000c8     igmp.obj (.text:igmpSendReportMessage)
                  0000e090    000000c8     ipv6.obj (.text:ipv6LinkChangeEvent)
                  0000e158    000000c4     dhcp_client.obj (.text:dhcpClientStateRebinding)
                  0000e21c    000000c4     freertos_builds_MSP_EXP432E401Y_release_ccs.lib : tasks.obj (.text:prvAddNewTaskToReadyList)
                  0000e2e0    000000c4     tcp_fsm.obj (.text:tcpStateEstablished)
                  0000e3a4    000000c0     msp432e4_eth_driver.obj (.text:EMAC0_IRQHandler)
                  0000e464    000000c0     nbns_common.obj (.text:nbnsEncodeName)
                  0000e524    000000c0     tcp_misc.obj (.text:tcpUpdateReceiveWindow)
                  0000e5e4    000000be     ipv4.obj (.text:ipv4StringToAddr)
                  0000e6a2    000000be     freertos_builds_MSP_EXP432E401Y_release_ccs.lib : queue.obj (.text:prvCopyDataToQueue)
                  0000e760    000000be     tcp_fsm.obj (.text:tcpStateFinWait2)
                  0000e81e    00000002     --HOLE-- [fill = 0]
                  0000e820    000000bc     dhcp_client.obj (.text:dhcpClientStateRebooting)
                  0000e8dc    000000bc     dhcp_client.obj (.text:dhcpClientStateRequesting)
                  0000e998    000000bc     rtsv7M4_T_le_v4SPD16_eabi.lib : open.c.obj (.text:open)
                  0000ea54    000000bc     freertos_builds_MSP_EXP432E401Y_release_ccs.lib : heap_4.obj (.text:prvHeapInit)
                  0000eb10    000000ba     tcp_misc.obj (.text:tcpIsDuplicateSyn)
                  0000ebca    00000002     --HOLE-- [fill = 0]
                  0000ebcc    000000b8     rtsv7M4_T_le_v4SPD16_eabi.lib : add_device.c.obj (.text:add_device)
                  0000ec84    000000b8     arp.obj (.text:arpSendProbe)
                  0000ed3c    000000b8     arp.obj (.text:arpSendReply)
                  0000edf4    000000b8     ndp.obj (.text:ndpTick)
                  0000eeac    000000b8     freertos_builds_MSP_EXP432E401Y_release_ccs.lib : timers.obj (.text:prvSwitchTimerLists)
                  0000ef64    000000b8     socket.obj (.text:socketReceiveEx)
                  0000f01c    000000b8     udp.obj (.text:udpInvokeRxCallback)
                  0000f0d4    000000b8     freertos_builds_MSP_EXP432E401Y_release_ccs.lib : queue.obj (.text:xQueueGenericReset)
                  0000f18c    000000b6     net_mem.obj (.text:netBufferRead)
                  0000f242    000000b6     net_mem.obj (.text:netBufferWrite)
                  0000f2f8    000000b4     dns_common.obj (.text:dnsEncodeName)
                  0000f3ac    000000b4     msp432e4_eth_driver.obj (.text:msp432e4EthReceivePacket)
                  0000f460    000000b1     rtsv7M4_T_le_v4SPD16_eabi.lib : _printfi.c.obj (.text:_ltostr)
                  0000f511    00000003     --HOLE-- [fill = 0]
                  0000f514    000000b0     dhcp_client.obj (.text:dhcpClientChangeState)
                  0000f5c4    000000b0     freertos_builds_MSP_EXP432E401Y_release_ccs.lib : tasks.obj (.text:prvAddCurrentTaskToDelayedList)
                  0000f674    000000b0                                                     : tasks.obj (.text:xTaskCheckForTimeOut)
                  0000f724    000000ae     ipv4_frag.obj (.text:ipv4FragTick)
                  0000f7d2    000000ac     ipv6_frag.obj (.text:ipv6FragTick)
                  0000f87e    00000002     --HOLE-- [fill = 0]
                  0000f880    000000ac     mld.obj (.text:mldLinkChangeEvent)
                  0000f92c    000000ac     tcp_fsm.obj (.text:tcpStateSynReceived)
                  0000f9d8    000000aa     freertos_builds_MSP_EXP432E401Y_release_ccs.lib : queue.obj (.text:prvUnlockQueue)
                  0000fa82    000000a8     ipv6.obj (.text:ipv6ParseRoutingHeader)
                  0000fb2a    00000002     --HOLE-- [fill = 0]
                  0000fb2c    000000a8     msp432e4_eth_driver.obj (.text:msp432e4EthSendPacket)
                  0000fbd4    000000a8     freertos_builds_MSP_EXP432E401Y_release_ccs.lib : heap_4.obj (.text:prvInsertBlockIntoFreeList)
                  0000fc7c    000000a8                                                     : tasks.obj (.text:xTaskRemoveFromEventList)
                  0000fd24    000000a4     ipv6.obj (.text:ipv6LeaveMulticastGroup)
                  0000fdc8    000000a4     ipv6.obj (.text:ipv6SetPrefix)
                  0000fe6c    000000a4     ndp_misc.obj (.text:ndpParsePrefixInfoOption)
                  0000ff10    000000a2     mld.obj (.text:mldProcessListenerReport)
                  0000ffb2    00000002     --HOLE-- [fill = 0]
                  0000ffb4    000000a0     dhcp_client.obj (.text:dhcpClientStateRenewing)
                  00010054    000000a0     ipv6_misc.obj (.text:ipv6AddDefaultRouter)
                  000100f4    000000a0     modbus_client.obj (.text:modbusClientWriteMultipleRegs)
                  00010194    0000009c     ipv6.obj (.text:ipv6Init)
                  00010230    0000009c     ipv6.obj (.text:ipv6ParseDestOptHeader)
                  000102cc    0000009c     modbus_client.obj (.text:modbusClientReadHoldingRegs)
                  00010368    0000009c     ndp_cache.obj (.text:ndpSendQueuedPackets)
                  00010404    0000009c     rtsv7M4_T_le_v4SPD16_eabi.lib : memcpy_t2.asm.obj (.text)
                  000104a0    0000009c     freertos_builds_MSP_EXP432E401Y_release_ccs.lib : heap_4.obj (.text:vPortFree)
                  0001053c    0000009a     tcp_misc.obj (.text:tcpWriteRxBuffer)
                  000105d6    00000002     --HOLE-- [fill = 0]
                  000105d8    00000098     ethernet.obj (.text:ethCheckDestAddr)
                  00010670    00000098     socket.obj (.text:socketConnect)
                  00010708    00000096     dhcp_client.obj (.text:dhcpClientTick)
                  0001079e    00000096     rtsv7M4_T_le_v4SPD16_eabi.lib : ull_div_t2.asm.obj (.text)
                  00010834    00000096     tcp_misc.obj (.text:tcpGetOption)
                  000108ca    00000002     --HOLE-- [fill = 0]
                  000108cc    00000094     freertos_builds_MSP_EXP432E401Y_release_ccs.lib : tasks.obj (.text:vTaskStartScheduler)
                  00010960    00000092     ethernet.obj (.text:ethAcceptMacAddr)
                  000109f2    00000092     nbns_responder.obj (.text:nbnsProcessQuery)
                  00010a84    00000092     tcp_misc.obj (.text:tcpReadTxBuffer)
                  00010b16    00000090     ipv4.obj (.text:ipv4CheckDestAddr)
                  00010ba6    00000090     ipv6.obj (.text:ipv6SendDatagram)
                  00010c36    00000002     --HOLE-- [fill = 0]
                  00010c38    00000090     ipv6.obj (.text:ipv6SetDefaultRouter)
                  00010cc8    00000090     slaac.obj (.text:slaacGenerateLinkLocalAddr)
                  00010d58    0000008e     modbus_client_pdu.obj (.text:modbusClientFormatWriteMultipleRegsReq)
                  00010de6    0000008e     tcp_misc.obj (.text:tcpReadRxBuffer)
                  00010e74    0000008c     modbus_client_misc.obj (.text:modbusClientCheckResp)
                  00010f00    0000008c     tcp.obj (.text:tcpKillOldestConnection)
                  00010f8c    00000088     dhcp_client.obj (.text:dhcpClientStateSelecting)
                  00011014    00000088     dns_cache.obj (.text:dnsFindEntry)
                  0001109c    00000088     net.obj (.text:netGetRand)
                  00011124    00000088     tcp_misc.obj (.text:tcpWriteTxBuffer)
                  000111ac    00000086     rtsv7M4_T_le_v4SPD16_eabi.lib : fd_cmp_t2.asm.obj (.text:__aeabi_cdcmple)
                  00011232    00000086                                   : fd_cmp_t2.asm.obj (.text:__aeabi_cdrcmple)
                  000112b8    00000086     ipv6_misc.obj (.text:ipv6GetCommonPrefixLength)
                  0001133e    00000086     nbns_common.obj (.text:nbnsProcessMessage)
                  000113c4    00000086     tcp_fsm.obj (.text:tcpStateTimeWait)
                  0001144a    00000084     ipv4.obj (.text:ipv4SendDatagram)
                  000114ce    00000002     --HOLE-- [fill = 0]
                  000114d0    00000084     ndp_cache.obj (.text:ndpCreateDestCacheEntry)
                  00011554    00000084     freertos_builds_MSP_EXP432E401Y_release_ccs.lib : timers.obj (.text:prvProcessTimerOrBlockTask)
                  000115d8    00000084     socket.obj (.text:socketSendTo)
                  0001165c    00000084     tcp.obj (.text:tcpAbort)
                  000116e0    00000084     freertos_builds_MSP_EXP432E401Y_release_ccs.lib : timers.obj (.text:xTimerGenericCommand)
                  00011764    00000082     arp.obj (.text:arpCreateEntry)
                  000117e6    00000082     modbus_client_pdu.obj (.text:modbusClientParseReadHoldingRegsResp)
                  00011868    00000082     ndp_cache.obj (.text:ndpCreateNeighborCacheEntry)
                  000118ea    00000082     nic.obj (.text:nicProcessPacket)
                  0001196c    00000080     dhcp_common.obj (.text:dhcpAddOption)
                  000119ec    00000080     ethernet.obj (.text:ethDropMacAddr)
                  00011a6c    00000080     msp432e4_eth_driver.obj (.text:msp432e4EthUpdateMacAddrFilter)
                  00011aec    00000080     socket.obj (.text:socketInit)
                  00011b6c    0000007e     dhcp_client.obj (.text:dhcpClientStateProbing)
                  00011bea    0000007c     arp.obj (.text:arpProcessRequest)
                  00011c66    0000007c     igmp.obj (.text:igmpTick)
                  00011ce2    0000007c     ndp_misc.obj (.text:ndpAddOption)
                  00011d5e    00000002     --HOLE-- [fill = 0]
                  00011d60    0000007c     ndp_misc.obj (.text:ndpUpdateDefaultRouterList)
                  00011ddc    0000007a     arp.obj (.text:arpSendQueuedPackets)
                  00011e56    0000007a     rtsv7M4_T_le_v4SPD16_eabi.lib : memset_t2.asm.obj (.text)
                  00011ed0    0000007a     udp.obj (.text:udpSendDatagram)
                  00011f4a    0000007a     freertos_builds_MSP_EXP432E401Y_release_ccs.lib : tasks.obj (.text:xTaskCreate)
                  00011fc4    00000078     dns_cache.obj (.text:dnsCreateEntry)
                  0001203c    00000078     freertos_builds_MSP_EXP432E401Y_release_ccs.lib : timers.obj (.text:prvInsertTimerInActiveList)
                  000120b4    00000078     udp.obj (.text:udpAttachRxCallback)
                  0001212c    00000078     udp.obj (.text:udpDetachRxCallback)
                  000121a4    00000076     ipv6_misc.obj (.text:ipv6CompPrefix)
                  0001221a    00000076     tcp_misc.obj (.text:tcpFastRecovery)
                  00012290    00000074     rtsv7M4_T_le_v4SPD16_eabi.lib : fclose.c.obj (.text:__TI_closefile)
                  00012304    00000074     debug.obj (.text:debugRedirect)
                  00012378    00000074     dhcp_client.obj (.text:dhcpClientLinkChangeEvent)
                  000123ec    00000074     ethernet.obj (.text:ethCalcCrc)
                  00012460    00000074     ipv6_misc.obj (.text:ipv6RemovePrefix)
                  000124d4    00000074     ipv6.obj (.text:ipv6SetGlobalAddr)
                  00012548    00000074     msp432e4_eth_driver.obj (.text:msp432e4EthCalcCrc)
                  000125bc    00000074     ndp_misc.obj (.text:ndpIsFirstHopRouter)
                  00012630    00000074     freertos_builds_MSP_EXP432E401Y_release_ccs.lib : tasks.obj (.text:prvInitialiseTaskLists)
                  000126a4    00000074                                                     : port.obj (.text:vPortValidateInterruptPriority)
                  00012718    00000072     ndp_cache.obj (.text:ndpFlushQueuedPackets)
                  0001278a    00000072     nic.obj (.text:nicSendPacket)
                  000127fc    00000070     ipv6_misc.obj (.text:ipv6RemoveDefaultRouter)
                  0001286c    00000070     freertos_builds_MSP_EXP432E401Y_release_ccs.lib : timers.obj (.text:prvProcessExpiredTimer)
                  000128dc    0000006e     rtsv7M4_T_le_v4SPD16_eabi.lib : _printfi.c.obj (.text:_mcpy)
                  0001294a    0000006e     icmpv6.obj (.text:icmpv6ProcessPacketTooBig)
                  000129b8    0000006e     igmp.obj (.text:igmpProcessMessage)
                  00012a26    00000002     --HOLE-- [fill = 0]
                  00012a28    0000006c     ipv6.obj (.text:ipv6SetLinkLocalAddr)
                  00012a94    0000006c     ndp_misc.obj (.text:ndpUpdateNextHop)
                  00012b00    0000006c     net.obj (.text:netInvokeLinkChangeCallback)
                  00012b6c    0000006c     socket.obj (.text:socketClose)
                  00012bd8    0000006a     tcp_fsm.obj (.text:tcpStateClosing)
                  00012c42    0000006a     udp.obj (.text:udpUpdateEvents)
                  00012cac    00000068     rtsv7M4_T_le_v4SPD16_eabi.lib : hostlseek.c.obj (.text:HOSTlseek)
                  00012d14    00000068                                   : hostrename.c.obj (.text:HOSTrename)
                  00012d7c    00000068                                   : copy_decompress_lzss.c.obj (.text:decompress:lzss:__TI_decompress_lzss)
                  00012de4    00000068     ipv6_misc.obj (.text:ipv6GetAddrScope)
                  00012e4c    00000068     tcp_misc.obj (.text:tcpFastRetransmit)
                  00012eb4    00000066     icmp.obj (.text:icmpProcessMessage)
                  00012f1a    00000066     ipv6_misc.obj (.text:ipv6IsOnLink)
                  00012f80    00000066     freertos_builds_MSP_EXP432E401Y_release_ccs.lib : list.obj (.text:vListInsert)
                  00012fe6    00000066                                                     : queue.obj (.text:xQueueGenericCreate)
                  0001304c    00000064     rtsv7M4_T_le_v4SPD16_eabi.lib : fprintf.c.obj (.text:fprintf)
                  000130b0    00000064                                   : s_frexp.c.obj (.text:frexp)
                  00013114    00000064                                   : fseek.c.obj (.text:fseek)
                  00013178    00000064     ndp_misc.obj (.text:ndpGetOption)
                  000131dc    00000064     ndp_misc.obj (.text:ndpUpdatePrefixList)
                  00013240    00000064     freertos_builds_MSP_EXP432E401Y_release_ccs.lib : tasks.obj (.text:prvGetExpectedIdleTime)
                  000132a4    00000062     rtsv7M4_T_le_v4SPD16_eabi.lib : _io_perm.c.obj (.text:__TI_wrt_ok)
                  00013306    00000062     ipv4.obj (.text:ipv4GetAddrScope)
                  00013368    00000062     mld.obj (.text:mldTick)
                  000133ca    00000002     --HOLE-- [fill = 0]
                  000133cc    00000060     rtsv7M4_T_le_v4SPD16_eabi.lib : hostopen.c.obj (.text:HOSTopen)
                  0001342c    00000060     msp432e4_driverlib.a : interrupt_MSP432E411Y.obj (.text:IntDisable)
                  0001348c    00000060                          : interrupt_MSP432E411Y.obj (.text:IntEnable)
                  000134ec    00000060     igmp.obj (.text:igmpJoinGroup)
                  0001354c    00000060     ipv4.obj (.text:ipv4Init)
                  000135ac    00000060     mld.obj (.text:mldStartListening)
                  0001360c    00000060     modbus_client_misc.obj (.text:modbusClientFormatMbapHeader)
                  0001366c    00000060     freertos_builds_MSP_EXP432E401Y_release_ccs.lib : port.obj (.text:pxPortInitialiseStack)
                  000136cc    00000060     tcp_fsm.obj (.text:tcpStateCloseWait)
                  0001372c    0000005e     ip.obj (.text:ipSelectSourceAddr)
                  0001378a    0000005e     ip.obj (.text:ipSendDatagram)
                  000137e8    0000005c     rtsv7M4_T_le_v4SPD16_eabi.lib : close.c.obj (.text:close)
                  00013844    0000005c     igmp.obj (.text:igmpProcessReportMessage)
                  000138a0    0000005c     ipv6_misc.obj (.text:ipv6FlushAddrList)
                  000138fc    0000005c     freertos_builds_MSP_EXP432E401Y_release_ccs.lib : tasks.obj (.text:prvIdleTask)
                  00013958    0000005c                                                     : queue.obj (.text:vQueueWaitForMessageRestricted)
                  000139b4    0000005c                                                     : tasks.obj (.text:vTaskDelay)
                  00013a10    0000005a     modbus_client_pdu.obj (.text:modbusClientParseWriteMultipleRegsResp)
                  00013a6a    0000005a     ndp_misc.obj (.text:ndpSelectNextHop)
                  00013ac4    0000005a     tcp_misc.obj (.text:tcpCheckSyn)
                  00013b1e    00000002     --HOLE-- [fill = 0]
                  00013b20    00000058     rtsv7M4_T_le_v4SPD16_eabi.lib : hostread.c.obj (.text:HOSTread)
                  00013b78    00000058                                   : hostwrite.c.obj (.text:HOSTwrite)
                  00013bd0    00000058     dhcp_client.obj (.text:dhcpClientStateBound)
                  00013c28    00000058     icmp.obj (.text:icmpUpdateInStats)
                  00013c80    00000058     icmp.obj (.text:icmpUpdateOutStats)
                  00013cd8    00000058     ipv4.obj (.text:ipv4SetHostAddr)
                  00013d30    00000058     ipv6_misc.obj (.text:ipv6IsAnycastAddr)
                  00013d88    00000058     modbus_client_misc.obj (.text:modbusClientParseMbapHeader)
                  00013de0    00000058     msp432e4_eth_driver.obj (.text:msp432e4EthWritePhyReg)
                  00013e38    00000058     ndp.obj (.text:ndpLinkChangeEvent)
                  00013e90    00000058     net_mem.obj (.text:netBufferAlloc)
                  00013ee8    00000058     freertos_builds_MSP_EXP432E401Y_release_ccs.lib : port.obj (.text:vPortSetupTimerInterrupt)
                  00013f40    00000056     rtsv7M4_T_le_v4SPD16_eabi.lib : _printfi.c.obj (.text:_pconv_f)
                  00013f96    00000056     ipv4.obj (.text:ipv4IsBroadcastAddr)
                  00013fec    00000054     ipv6_misc.obj (.text:ipv6FlushPrefixList)
                  00014040    00000054     ipv6.obj (.text:ipv6SetDnsServer)
                  00014094    00000054     rtsv7M4_T_le_v4SPD16_eabi.lib : ltoa.c.obj (.text:ltoa)
                  000140e8    00000054     msp432e4_eth_driver.obj (.text:msp432e4EthReadPhyReg)
                  0001413c    00000054     net_mem.obj (.text:netBufferAppend)
                  00014190    00000054     net_mem.obj (.text:netBufferAt)
                  000141e4    00000054     slaac.obj (.text:slaacLinkChangeEvent)
                  00014238    00000054     freertos_builds_MSP_EXP432E401Y_release_ccs.lib : timers.obj (.text:xTimerCreateTimerTask)
                  0001428c    00000052     rtsv7M4_T_le_v4SPD16_eabi.lib : _printfi.c.obj (.text:_ecpy)
                  000142de    00000052     ip.obj (.text:ipStringToAddr)
                  00014330    00000052     ethernet.obj (.text:macAddrToEui64)
                  00014382    00000002     --HOLE-- [fill = 0]
                  00014384    00000050     msp432e4_driverlib.a : sysctl_MSP432E411Y.obj (.text:SysCtlPeripheralReset)
                  000143d4    00000050     debug.obj (.text:debugInit)
                  00014424    00000050     dhcp_client.obj (.text:dhcpClientCheckTimeout)
                  00014474    00000050     ethernet.obj (.text:ethPadFrame)
                  000144c4    00000050     ip.obj (.text:ipCalcUpperLayerChecksumEx)
                  00014514    00000050     ip.obj (.text:ipIsUnspecifiedAddr)
                  00014564    00000050     ipv4.obj (.text:ipv4AddrToString)
                  000145b4    00000050     ipv6_misc.obj (.text:ipv6IsTentativeAddr)
                  00014604    00000050     modbus_client_pdu.obj (.text:modbusClientFormatReadHoldingRegsReq)
                  00014654    00000050     ndp_cache.obj (.text:ndpFindNeighborCacheEntry)
                  000146a4    00000050     str.obj (.text:strSafeCopy)
                  000146f4    00000050     tcp.obj (.text:tcpGetDynamicPort)
                  00014744    00000050     tcp_fsm.obj (.text:tcpStateLastAck)
                  00014794    00000050     udp.obj (.text:udpGetDynamicPort)
                  000147e4    0000004e     ipv4.obj (.text:ipv4MapMulticastAddrToMac)
                  00014832    0000004e     ndp.obj (.text:ndpInit)
                  00014880    0000004c     rtsv7M4_T_le_v4SPD16_eabi.lib : fflush.c.obj (.text:__TI_doflush)
                  000148cc    0000004c                                   : atoi.c.obj (.text:atoi)
                  00014918    0000004c     ipv4.obj (.text:ipv4SetDnsServer)
                  00014964    0000004c     ipv6_misc.obj (.text:ipv6FlushDefaultRouterList)
                  000149b0    0000004c     freertos_builds_MSP_EXP432E401Y_release_ccs.lib : timers.obj (.text:prvCheckForValidListAndQueue)
                  000149fc    0000004c                                                     : tasks.obj (.text:prvCheckTasksWaitingTermination)
                  00014a48    0000004c     tcp_misc.obj (.text:tcpWaitForEvents)
                  00014a94    0000004c     freertos_builds_MSP_EXP432E401Y_release_ccs.lib : port.obj (.text:vPortEnterCritical)
                  00014ae0    0000004a     arp.obj (.text:arpFindEntry)
                  00014b2a    00000002     --HOLE-- [fill = 0]
                  00014b2c    00000048     msp432e4_driverlib.a : sysctl_MSP432E411Y.obj (.text:_SysCtlFrequencyGet)
                  00014b74    00000048     rtsv7M4_T_le_v4SPD16_eabi.lib : exit.c.obj (.text:exit)
                  00014bbc    00000048     main_freertos.obj (.text:ioInit)
                  00014c04    00000048     ip.obj (.text:ipAddrToString)
                  00014c4c    00000048     net_mem.obj (.text:memPoolAlloc)
                  00014c94    00000048     ndp_cache.obj (.text:ndpFindDestCacheEntry)
                  00014cdc    00000048     nic.obj (.text:nicUpdateMacAddrFilter)
                  00014d24    00000048     rtsv7M4_T_le_v4SPD16_eabi.lib : fd_toi_t2.asm.obj (.text)
                  00014d6c    00000048     tcp_misc.obj (.text:tcpIsDuplicateAck)
                  00014db4    00000048     freertos_builds_MSP_EXP432E401Y_release_ccs.lib : list.obj (.text:uxListRemove)
                  00014dfc    00000046     ipv6_misc.obj (.text:ipv6GenerateLinkLocalAddr)
                  00014e42    00000046     ipv6_misc.obj (.text:ipv6MapMulticastAddrToMac)
                  00014e88    00000044     rtsv7M4_T_le_v4SPD16_eabi.lib : hostclose.c.obj (.text:HOSTclose)
                  00014ecc    00000044                                   : hostunlink.c.obj (.text:HOSTunlink)
                  00014f10    00000044                                   : autoinit.c.obj (.text:__TI_auto_init_nobinit_nopinit:__TI_auto_init_nobinit_nopinit)
                  00014f54    00000044     dns_cache.obj (.text:dnsFlushCache)
                  00014f98    00000044     rtsv7M4_T_le_v4SPD16_eabi.lib : getdevice.c.obj (.text:getdevice)
                  00014fdc    00000044     freertos_builds_MSP_EXP432E401Y_release_ccs.lib : queue.obj (.text:prvInitialiseNewQueue)
                  00015020    00000042     msp432e4_driverlib.a : uart_MSP432E411Y.obj (.text:UARTConfigSetExpClk)
                  00015062    00000042     freertos_builds_MSP_EXP432E401Y_release_ccs.lib : memory.obj (.text:malloc)
                  000150a4    00000042     tcp_misc.obj (.text:tcpChangeState)
                  000150e6    00000002     --HOLE-- [fill = 0]
                  000150e8    00000040     net.obj (.text:netSetMacAddr)
                  00015128    00000040     rtsv7M4_T_le_v4SPD16_eabi.lib : sprintf.c.obj (.text:sprintf)
                  00015168    00000040     freertos_builds_MSP_EXP432E401Y_release_ccs.lib : tasks.obj (.text:vTaskPlaceOnEventListRestricted)
                  000151a8    0000003e     rtsv7M4_T_le_v4SPD16_eabi.lib : _printfi.c.obj (.text:_fcpy)
                  000151e6    0000003e     os_port_freertos.obj (.text:osCreateEvent)
                  00015224    0000003c     msp432e4_driverlib.a : sysctl_MSP432E411Y.obj (.text:SysCtlPeripheralReady)
                  00015260    0000003c     arp.obj (.text:arpFlushCache)
                  0001529c    0000003c     debug.obj (.text:debugStreamWrite)
                  000152d8    0000003c     dhcp_client.obj (.text:dhcpClientStateInit)
                  00015314    0000003c     dhcp_client.obj (.text:dhcpClientStateInitReboot)
                  00015350    0000003c     ipv4.obj (.text:ipv4LinkChangeEvent)
                  0001538c    0000003c     ipv6_misc.obj (.text:ipv6ComputeSolicitedNodeAddr)
                  000153c8    0000003c     ndp_misc.obj (.text:ndpCheckOptions)
                  00015404    0000003c     ndp_cache.obj (.text:ndpFlushNeighborCache)
                  00015440    0000003c     freertos_builds_MSP_EXP432E401Y_release_ccs.lib : queue.obj (.text:prvCopyDataFromQueue)
                  0001547c    0000003c                                                     : tasks.obj (.text:prvResetNextTaskUnblockTime)
                  000154b8    0000003c                                                     : tasks.obj (.text:pvTaskGetThreadLocalStoragePointer)
                  000154f4    0000003c     rtsv7M4_T_le_v4SPD16_eabi.lib : strncasecmp.c.obj (.text:strncasecmp)
                  00015530    0000003c     freertos_builds_MSP_EXP432E401Y_release_ccs.lib : list.obj (.text:vListInsertEnd)
                  0001556c    0000003a     arp.obj (.text:arpFlushQueuedPackets)
                  000155a6    0000003a     os_port_freertos.obj (.text:osCreateTask)
                  000155e0    0000003a     tcp_misc.obj (.text:tcpFlushRetransmitQueue)
                  0001561a    00000002     --HOLE-- [fill = 0]
                  0001561c    00000038     rtsv7M4_T_le_v4SPD16_eabi.lib : trgmsg.c.obj (.text:__TI_writemsg)
                  00015654    00000038                                   : boot_cortex_m.c.obj (.text:_c_int00_noargs:_c_int00_noargs)
                  0001568c    00000038     debug.obj (.text:fputc)
                  000156c4    00000038     icmpv6.obj (.text:icmpv6ProcessDestUnreachable)
                  000156fc    00000038     ipv4.obj (.text:ipv4SetDefaultGateway)
                  00015734    00000038     modbus_client.obj (.text:modbusClientInit)
                  0001576c    00000038     nic.obj (.text:nicTick)
                  000157a4    00000038     freertos_builds_MSP_EXP432E401Y_release_ccs.lib : timers.obj (.text:prvGetNextExpireTime)
                  000157dc    00000038                                                     : port.obj (.text:prvTaskExitError)
                  00015814    00000036     dhcp_client.obj (.text:dhcpClientComputeElapsedTime)
                  0001584a    00000036     net_mem.obj (.text:netBufferGetLength)
                  00015880    00000036     rtsv7M4_T_le_v4SPD16_eabi.lib : strncpy.c.obj (.text:strncpy)
                  000158b6    00000002     --HOLE-- [fill = 0]
                  000158b8    00000034     msp432e4_driverlib.a : sysctl_MSP432E411Y.obj (.text:SysCtlPeripheralEnable)
                  000158ec    00000034     rtsv7M4_T_le_v4SPD16_eabi.lib : fopen.c.obj (.text:__TI_cleanup)
                  00015920    00000034                                   : trgmsg.c.obj (.text:__TI_readmsg)
                  00015954    00000034                                   : fopen.c.obj (.text:freopen)
                  00015988    00000034     ipv4.obj (.text:ipv4GetBroadcastAddr)
                  000159bc    00000034     modbus_client_misc.obj (.text:modbusClientGetResponsePdu)
                  000159f0    00000034     net.obj (.text:netSetHostname)
                  00015a24    00000034     net.obj (.text:netSetInterfaceName)
                  00015a58    00000034     freertos_builds_MSP_EXP432E401Y_release_ccs.lib : timers.obj (.text:prvSampleTimeNow)
                  00015a8c    00000034                                                     : tasks.obj (.text:vTaskPlaceOnEventList)
                  00015ac0    00000034                                                     : tasks.obj (.text:vTaskSetThreadLocalStoragePointer)
                  00015af4    00000032     ipv4_frag.obj (.text:ipv4FlushFragQueue)
                  00015b26    00000032     net.obj (.text:netGetRandRange)
                  00015b58    00000030     rtsv7M4_T_le_v4SPD16_eabi.lib : getdevice.c.obj (.text:finddevice)
                  00015b88    00000030     ip.obj (.text:ipAllocBuffer)
                  00015bb8    00000030     ipv6_frag.obj (.text:ipv6FlushFragQueue)
                  00015be8    00000030     msp432e4_eth_driver.obj (.text:msp432e4EthInitGpio)
                  00015c18    00000030     tcp_misc.obj (.text:tcpFastLossRecovery)
                  00015c48    00000030     tcp_misc.obj (.text:tcpFlushSynQueue)
                  00015c78    00000030     udp.obj (.text:udpInit)
                  00015ca8    00000030     freertos_builds_MSP_EXP432E401Y_release_ccs.lib : list.obj (.text:vListInitialise)
                  00015cd8    00000030                                                     : port.obj (.text:vPortExitCritical)
                  00015d08    00000030                                                     : tasks.obj (.text:xTaskGetSchedulerState)
                  00015d38    0000002e     ethernet.obj (.text:ethAllocBuffer)
                  00015d66    0000002e     ipv6_pmtu.obj (.text:ipv6GetPathMtu)
                  00015d94    0000002e     ipv6_pmtu.obj (.text:ipv6UpdatePathMtu)
                  00015dc2    0000002e     os_port_freertos.obj (.text:osWaitForEvent)
                  00015df0    0000002e     rtsv7M4_T_le_v4SPD16_eabi.lib : i_tofd_t2.asm.obj (.text)
                  00015e1e    0000002e     socket.obj (.text:socketReceive)
                  00015e4c    0000002e     socket.obj (.text:socketSend)
                  00015e7a    0000002e     rtsv7M4_T_le_v4SPD16_eabi.lib : strcasecmp.c.obj (.text:strcasecmp)
                  00015ea8    0000002c     msp432e4_driverlib.a : gpio_MSP432E411Y.obj (.text:GPIODirModeSet)
                  00015ed4    0000002c                          : gpio_MSP432E411Y.obj (.text:GPIOPinConfigure)
                  00015f00    0000002c     main_freertos.obj (.text:blinkTask)
                  00015f2c    0000002c     dns_cache.obj (.text:dnsDeleteEntry)
                  00015f58    0000002c     ipv4.obj (.text:ipv4SetSubnetMask)
                  00015f84    0000002c     net.obj (.text:netSetDriver)
                  00015fb0    0000002c     rtsv7M4_T_le_v4SPD16_eabi.lib : strncmp.c.obj (.text:strncmp)
                  00015fdc    0000002c     cpu_endian.obj (.text:swapInt32)
                  00016008    0000002c     tcp_timer.obj (.text:tcpTimerElapsed)
                  00016034    0000002c     rtsv7M4_T_le_v4SPD16_eabi.lib : unlink.c.obj (.text:unlink)
                  00016060    0000002c     main_freertos.obj (.text:userTask)
                  0001608c    0000002c     freertos_builds_MSP_EXP432E401Y_release_ccs.lib : port.obj (.text:xPortSysTickHandler)
                  000160b8    0000002c                                                     : queue.obj (.text:xQueueCreateMutex)
                  000160e4    0000002a     modbus_client.obj (.text:modbusClientDisconnect)
                  0001610e    0000002a     freertos_builds_MSP_EXP432E401Y_release_ccs.lib : queue.obj (.text:prvInitialiseMutex)
                  00016138    00000028     ethernet.obj (.text:ethUpdateErrorStats)
                  00016160    00000028     rtsv7M4_T_le_v4SPD16_eabi.lib : lseek.c.obj (.text:lseek)
                  00016188    00000028     modbus_client_pdu.obj (.text:modbusClientParseExceptionResp)
                  000161b0    00000028     msp432e4_eth_driver.obj (.text:msp432e4EthDumpPhyReg)
                  000161d8    00000028     nbns_common.obj (.text:nbnsInit)
                  00016200    00000028     socket.obj (.text:socketSetTimeout)
                  00016228    00000028     tcp_misc.obj (.text:tcpDeleteControlBlock)
                  00016250    00000028     rtsv7M4_T_le_v4SPD16_eabi.lib : write.c.obj (.text:write)
                  00016278    00000026     freertos_builds_MSP_EXP432E401Y_release_ccs.lib : queue.obj (.text:prvIsQueueFull)
                  0001629e    00000026     tcp_fsm.obj (.text:tcpStateClosed)
                  000162c4    00000026     udp.obj (.text:udpAllocBuffer)
                  000162ea    00000002     --HOLE-- [fill = 0]
                  000162ec    00000024     msp432e4_driverlib.a : interrupt_MSP432E411Y.obj (.text:IntPrioritySet)
                  00016310    00000024     ethernet.obj (.text:ethUpdateOutStats)
                  00016334    00000024     igmp.obj (.text:igmpInit)
                  00016358    00000024     rtsv7M4_T_le_v4SPD16_eabi.lib : memcmp.c.obj (.text:memcmp)
                  0001637c    00000024                                   : memmov.c.obj (.text:memmove)
                  000163a0    00000024     mld.obj (.text:mldStopListening)
                  000163c4    00000024     modbus_client.obj (.text:modbusClientDeinit)
                  000163e8    00000024     modbus_client.obj (.text:modbusClientGetExceptionCode)
                  0001640c    00000024     freertos_builds_MSP_EXP432E401Y_release_ccs.lib : queue.obj (.text:prvGetDisinheritPriorityAfterTimeout)
                  00016430    00000024     cpu_endian.obj (.text:swapInt16)
                  00016454    00000024     freertos_builds_MSP_EXP432E401Y_release_ccs.lib : queue.obj (.text:vQueueDelete)
                  00016478    00000024                                                     : tasks.obj (.text:vTaskInternalSetTimeOutState)
                  0001649c    00000022                                                     : aeabi_portable.obj (.text:__aeabi_errno_addr)
                  000164be    00000022     ipv4.obj (.text:ipv4CheckSourceAddr)
                  000164e0    00000020     msp432e4_driverlib.a : interrupt_MSP432E411Y.obj (.text:IntPriorityGroupingSet)
                  00016500    00000020                          : uart_MSP432E411Y.obj (.text:UARTDisable)
                  00016520    00000020                          : sysctl_MSP432E411Y.obj (.text:_SysCtlMemTimingGet)
                  00016540    00000020     ethernet.obj (.text:ethUpdateInStats)
                  00016560    00000020     ipv6_misc.obj (.text:ipv6GetMulticastAddrScope)
                  00016580    00000020     rtsv7M4_T_le_v4SPD16_eabi.lib : memchr.c.obj (.text:memchr)
                  000165a0    00000020     freertos_builds_MSP_EXP432E401Y_release_ccs.lib : queue.obj (.text:prvIsQueueEmpty)
                  000165c0    0000001e     ipv4.obj (.text:ipv4UpdateInStats)
                  000165de    0000001e     ipv4.obj (.text:ipv4UpdateOutStats)
                  000165fc    0000001c     ipv4_frag.obj (.text:ipv4FindHole)
                  00016618    0000001c     ipv6_frag.obj (.text:ipv6FindHole)
                  00016634    0000001c     rtsv7M4_T_le_v4SPD16_eabi.lib : memccpy.c.obj (.text:memccpy)
                  00016650    0000001c     modbus_client.obj (.text:modbusClientSetTimeout)
                  0001666c    0000001c     net.obj (.text:netInitRand)
                  00016688    0000001c     os_port_freertos.obj (.text:osCreateMutex)
                  000166a4    0000001c     freertos_builds_MSP_EXP432E401Y_release_ccs.lib : tasks.obj (.text:pvTaskIncrementMutexHeldCount)
                  000166c0    0000001c     socket.obj (.text:socketBindToInterface)
                  000166dc    0000001c     tcp_timer.obj (.text:tcpTimerStart)
                  000166f8    0000001a     ipv6_misc.obj (.text:ipv6CheckSourceAddr)
                  00016712    0000001a     freertos_builds_MSP_EXP432E401Y_release_ccs.lib : timers.obj (.text:prvTimerTask)
                  0001672c    00000018     msp432e4_driverlib.a : gpio_MSP432E411Y.obj (.text:GPIOPinTypeGPIOOutput)
                  00016744    00000018     drivers_msp432e4.aem4f : PowerMSP432E4.oem4f (.text:Power_idleFunc)
                  0001675c    00000018     system_msp432e401y.obj (.text:SystemInit)
                  00016774    00000018     rtsv7M4_T_le_v4SPD16_eabi.lib : sprintf.c.obj (.text:_outs)
                  0001678c    00000018     arp.obj (.text:arpInit)
                  000167a4    00000018     dns_cache.obj (.text:dnsInit)
                  000167bc    00000018     freertos_builds_MSP_EXP432E401Y_release_ccs.lib : memory.obj (.text:free)
                  000167d4    00000018     rtsv7M4_T_le_v4SPD16_eabi.lib : strcmp.c.obj (.text:strcmp)
                  000167ec    00000016     msp432e4_driverlib.a : gpio_MSP432E411Y.obj (.text:GPIOPinTypeEthernetLED)
                  00016802    00000016                          : gpio_MSP432E411Y.obj (.text:GPIOPinTypeGPIOInput)
                  00016818    00000016                          : gpio_MSP432E411Y.obj (.text:GPIOPinTypeUART)
                  0001682e    00000016     freertos_builds_MSP_EXP432E401Y_release_ccs.lib : PTLS.obj (.text:PTLS_getBuf)
                  00016844    00000016                                                     : PTLS.obj (.text:PTLS_setBuf)
                  0001685a    00000016     igmp.obj (.text:igmpRand)
                  00016870    00000016     ipv6.obj (.text:ipv6UpdateInStats)
                  00016886    00000016     ipv6.obj (.text:ipv6UpdateOutStats)
                  0001689c    00000016     mld.obj (.text:mldRand)
                  000168b2    00000016     ndp_cache.obj (.text:ndpFlushDestCache)
                  000168c8    00000016     os_port_freertos.obj (.text:osSetEventFromIsr)
                  000168de    00000016     rtsv7M4_T_le_v4SPD16_eabi.lib : strchr.c.obj (.text:strchr)
                  000168f4    00000014     msp432e4_driverlib.a : uart_MSP432E411Y.obj (.text:UARTEnable)
                  00016908    00000014     rtsv7M4_T_le_v4SPD16_eabi.lib : s_copysign.c.obj (.text:copysign)
                  0001691c    00000014     ethernet.obj (.text:ethInit)
                  00016930    00000014     ipv6_misc.obj (.text:ipv6FlushDnsServerList)
                  00016944    00000014     net_mem.obj (.text:netBufferFree)
                  00016958    00000014     os_port_freertos.obj (.text:osDeleteEvent)
                  0001696c    00000014     os_port_freertos.obj (.text:osReleaseMutex)
                  00016980    00000014     os_port_freertos.obj (.text:osSetEvent)
                  00016994    00000014     freertos_builds_MSP_EXP432E401Y_release_ccs.lib : tasks.obj (.text:prvDeleteTCB)
                  000169a8    00000014     rtsv7M4_T_le_v4SPD16_eabi.lib : strcpy.c.obj (.text:strcpy)
                  000169bc    00000014                                   : strlen.c.obj (.text:strlen)
                  000169d0    00000014     freertos_builds_MSP_EXP432E401Y_release_ccs.lib : tasks.obj (.text:xTaskGetCurrentTaskHandle)
                  000169e4    00000014                                                     : tasks.obj (.text:xTaskGetTickCount)
                  000169f8    00000012     ipv6.obj (.text:ipv6ParseAuthHeader)
                  00016a0a    00000012     ipv6.obj (.text:ipv6ParseEspHeader)
                  00016a1c    00000012     os_port_freertos.obj (.text:osAcquireMutex)
                  00016a2e    00000012     rtsv7M4_T_le_v4SPD16_eabi.lib : wcslen.c.obj (.text:wcslen)
                  00016a40    00000010     msp432e4_driverlib.a : fpu_MSP432E411Y.obj (.text:FPUEnable)
                  00016a50    00000010     debug.obj (.text:debugStreamOpen)
                  00016a60    00000010     debug.obj (.text:debugStreamRead)
                  00016a70    00000010     debug.obj (.text:debugStreamSeek)
                  00016a80    00000010     rtsv7M4_T_le_v4SPD16_eabi.lib : isdigit.c.obj (.text:isdigit)
                  00016a90    00000010                                   : isupper.c.obj (.text:isupper)
                  00016aa0    00000010                                   : isxdigit.c.obj (.text:isxdigit)
                  00016ab0    00000010     os_port_freertos.obj (.text:osAllocMem)
                  00016ac0    00000010     os_port_freertos.obj (.text:osFreeMem)
                  00016ad0    00000010     os_port_freertos.obj (.text:osResetEvent)
                  00016ae0    00000010     os_port_freertos.obj (.text:osResumeAllTasks)
                  00016af0    00000010     os_port_freertos.obj (.text:osSuspendAllTasks)
                  00016b00    00000010     tcp_misc.obj (.text:tcpDumpHeader)
                  00016b10    00000010     tcp.obj (.text:tcpInit)
                  00016b20    00000010     tcp_timer.obj (.text:tcpTimerStop)
                  00016b30    00000010     rtsv7M4_T_le_v4SPD16_eabi.lib : toupper.c.obj (.text:toupper)
                  00016b40    00000010     freertos_builds_MSP_EXP432E401Y_release_ccs.lib : list.obj (.text:vListInitialiseItem)
                  00016b50    00000010                                                     : tasks.obj (.text:vTaskSuspendAll)
                  00016b60    0000000e     debug.obj (.text:debugStreamRename)
                  00016b6e    0000000e     rtsv7M4_T_le_v4SPD16_eabi.lib : copy_decompress_none.c.obj (.text:decompress:none:__TI_decompress_none)
                  00016b7c    0000000e     modbus_client_misc.obj (.text:modbusClientGetRequestPdu)
                  00016b8a    0000000e     modbus_debug.obj (.text:modbusDumpRequestPdu)
                  00016b98    0000000e     modbus_debug.obj (.text:modbusDumpResponsePdu)
                  00016ba6    0000000e     tcp_timer.obj (.text:tcpTimerRunning)
                  00016bb4    0000000c     startup_msp432e401y.obj (.text:Reset_Handler)
                  00016bc0    0000000c     debug.obj (.text:debugStreamClose)
                  00016bcc    0000000c     debug.obj (.text:debugStreamUnlink)
                  00016bd8    0000000c     rtsv7M4_T_le_v4SPD16_eabi.lib : copy_zero_init.c.obj (.text:decompress:ZI:__TI_zero_init)
                  00016be4    0000000c     net_mem.obj (.text:memPoolFree)
                  00016bf0    0000000c     mld.obj (.text:mldInit)
                  00016bfc    0000000c     msp432e4_eth_driver.obj (.text:msp432e4EthDisableIrq)
                  00016c08    0000000c     msp432e4_eth_driver.obj (.text:msp432e4EthEnableIrq)
                  00016c14    0000000c     nic.obj (.text:nicGetLogicalInterface)
                  00016c20    0000000c     nic.obj (.text:nicGetPhysicalInterface)
                  00016c2c    0000000c     os_port_freertos.obj (.text:osDelayTask)
                  00016c38    0000000c     os_port_freertos.obj (.text:osGetSystemTime)
                  00016c44    0000000c     freertos_builds_MSP_EXP432E401Y_release_ccs.lib : tasks.obj (.text:vTaskMissedYield)
                  00016c50    0000000a     msp432e4_driverlib.a : uart_MSP432E411Y.obj (.text:UARTCharPut)
                  00016c5a    0000000a     rtsv7M4_T_le_v4SPD16_eabi.lib : sprintf.c.obj (.text:_outc)
                  00016c64    0000000a     arp.obj (.text:arpDumpPacket)
                  00016c6e    0000000a     ethernet.obj (.text:ethDumpHeader)
                  00016c78    0000000a     icmp.obj (.text:icmpDumpEchoMessage)
                  00016c82    0000000a     icmp.obj (.text:icmpDumpErrorMessage)
                  00016c8c    0000000a     icmp.obj (.text:icmpDumpMessage)
                  00016c96    0000000a     icmpv6.obj (.text:icmpv6DumpDestUnreachableMessage)
                  00016ca0    0000000a     icmpv6.obj (.text:icmpv6DumpEchoMessage)
                  00016caa    0000000a     icmpv6.obj (.text:icmpv6DumpErrorMessage)
                  00016cb4    0000000a     icmpv6.obj (.text:icmpv6DumpMessage)
                  00016cbe    0000000a     icmpv6.obj (.text:icmpv6DumpPacketTooBigMessage)
                  00016cc8    0000000a     igmp.obj (.text:igmpDumpMessage)
                  00016cd2    0000000a     ipv4.obj (.text:ipv4DumpHeader)
                  00016cdc    0000000a     ipv4_frag.obj (.text:ipv4DumpHoleList)
                  00016ce6    0000000a     ipv6.obj (.text:ipv6DumpHeader)
                  00016cf0    0000000a     ipv6_frag.obj (.text:ipv6DumpHoleList)
                  00016cfa    0000000a     mld.obj (.text:mldDumpMessage)
                  00016d04    0000000a     msp432e4_eth_driver.obj (.text:msp432e4EthTick)
                  00016d0e    0000000a     ndp.obj (.text:ndpDumpNeighborAdvMessage)
                  00016d18    0000000a     ndp.obj (.text:ndpDumpNeighborSolMessage)
                  00016d22    0000000a     ndp.obj (.text:ndpDumpRedirectMessage)
                  00016d2c    0000000a     ndp.obj (.text:ndpDumpRouterAdvMessage)
                  00016d36    0000000a     ndp.obj (.text:ndpDumpRouterSolMessage)
                  00016d40    0000000a     udp.obj (.text:udpDumpHeader)
                  00016d4a    0000000a     main_freertos.obj (.text:vApplicationStackOverflowHook)
                  00016d54    0000000a     freertos_builds_MSP_EXP432E401Y_release_ccs.lib : PowerMSP432E4_freertos.obj (.text:vPortSuppressTicksAndSleep)
                  00016d5e    00000002     --HOLE-- [fill = 0]
                  00016d60    00000008     net.obj (.text:netGetDefaultInterface)
                  00016d68    00000008     os_port_freertos.obj (.text:osStartKernel)
                  00016d70    00000006     msp432e4_driverlib.a : gpio_MSP432E411Y.obj (.text:GPIOPinRead)
                  00016d76    00000006                          : gpio_MSP432E411Y.obj (.text:GPIOPinWrite)
                  00016d7c    00000004     rtsv7M4_T_le_v4SPD16_eabi.lib : fprintf.c.obj (.text:_outc)
                  00016d80    00000004                                   : fprintf.c.obj (.text:_outs)
                  00016d84    00000004                                   : pre_init.c.obj (.text:_system_pre_init)
                  00016d88    00000004                                   : exit.c.obj (.text:abort:abort)
                  00016d8c    00000004     net_mem.obj (.text:memPoolInit)

.const     0    00016d90    000005a7     
                  00016d90    000001b0     msp432e4_driverlib.a : sysctl_MSP432E411Y.obj (.const:g_pppui32XTALtoVCO)
                  00016f40    00000101     rtsv7M4_T_le_v4SPD16_eabi.lib : ctype.c.obj (.const:.string:_ctypes_)
                  00017041    00000003     --HOLE-- [fill = 0]
                  00017044    0000009c     msp432e4_driverlib.a : interrupt_MSP432E411Y.obj (.const:g_pui32Regs)
                  000170e0    0000005e     dhcp_client.obj (.const:.string)
                  0001713e    00000002     --HOLE-- [fill = 0]
                  00017140    00000048     msp432e4_driverlib.a : gpio_MSP432E411Y.obj (.const:g_pui32GPIOBaseAddrs)
                  00017188    00000040     ethernet.obj (.const:.string:ethPadding)
                  000171c8    00000040     msp432e4_eth_driver.obj (.const:msp432e4EthDriver)
                  00017208    00000030     msp432e4_driverlib.a : sysctl_MSP432E411Y.obj (.const:g_sXTALtoMEMTIM)
                  00017238    00000028                          : sysctl_MSP432E411Y.obj (.const:g_pui32Xtals)
                  00017260    00000020                          : interrupt_MSP432E411Y.obj (.const:g_pui32Priority)
                  00017280    00000014                          : interrupt_MSP432E411Y.obj (.const:g_pui32Dii16Regs)
                  00017294    00000014                          : interrupt_MSP432E411Y.obj (.const:g_pui32EnRegs)
                  000172a8    00000010     ipv6.obj (.const:IPV6_LINK_LOCAL_ADDR_PREFIX)
                  000172b8    00000010     ipv6.obj (.const:IPV6_LINK_LOCAL_ALL_NODES_ADDR)
                  000172c8    00000010     ipv6.obj (.const:IPV6_LINK_LOCAL_ALL_ROUTERS_ADDR)
                  000172d8    00000010     ipv6.obj (.const:IPV6_LOOPBACK_ADDR)
                  000172e8    00000010     ipv6.obj (.const:IPV6_SOLICITED_NODE_ADDR_PREFIX)
                  000172f8    00000010     ipv6.obj (.const:IPV6_UNSPECIFIED_ADDR)
                  00017308    0000000a     main_freertos.obj (.const:$P$T5$1)
                  00017312    00000002     --HOLE-- [fill = 0]
                  00017314    00000008     freertos_builds_MSP_EXP432E401Y_release_ccs.lib : port.obj (.const)
                  0001731c    00000008     msp432e4_driverlib.a : sysctl_MSP432E411Y.obj (.const:g_pui32VCOFrequencies)
                  00017324    00000007     dhcp_client.obj (.const:.string:dhcpOptionList)
                  0001732b    00000006     ethernet.obj (.const:MAC_BROADCAST_ADDR)
                  00017331    00000006     ethernet.obj (.const:MAC_UNSPECIFIED_ADDR)

.cinit     0    00017338    00000198     
                  00017338    00000174     (.cinit..data.load) [load image, compression = lzss]
                  000174ac    0000000c     (__TI_handler_table)
                  000174b8    00000008     (.cinit..bss.load) [load image, compression = zero_init]
                  000174c0    00000010     (__TI_cinit_table)

.init_array 
*          0    00000000    00000000     UNINITIALIZED

.bss       0    20000000    000264b9     UNINITIALIZED
                  20000000    00020000     freertos_builds_MSP_EXP432E401Y_release_ccs.lib : heap_4.obj (.bss:ucHeap)
                  20020000    00002400     msp432e4_eth_driver.obj (.bss:rxBuffer)
                  20022400    000016f8     (.common:socketTable)
                  20023af8    00001200     msp432e4_eth_driver.obj (.bss:txBuffer)
                  20024cf8    00000c0c     (.common:netInterface)
                  20025904    000003a0     (.common:dnsCache)
                  20025ca4    00000234     (.common:modbusClientContext)
                  20025ed8    00000120     rtsv7M4_T_le_v4SPD16_eabi.lib : trgmsg.c.obj (.bss:_CIOBUF_)
                  20025ff8    000000c8     freertos_builds_MSP_EXP432E401Y_release_ccs.lib : tasks.obj (.bss:pxReadyTasksLists)
                  200260c0    000000c0     msp432e4_eth_driver.obj (.bss:rxDmaDesc)
                  20026180    000000a0     (.common:__TI_tmpnams)
                  20026220    000000a0     (.common:udpCallbackTable)
                  200262c0    00000060     msp432e4_eth_driver.obj (.bss:txDmaDesc)
                  20026320    00000048     net.obj (.bss:callbackTable)
                  20026368    00000028     ipv6.obj (.bss:buffer$1)
                  20026390    00000018     date_time.obj (.bss:buffer$1)
                  200263a8    00000014     freertos_builds_MSP_EXP432E401Y_release_ccs.lib : timers.obj (.bss:xActiveTimerList1)
                  200263bc    00000014                                                     : timers.obj (.bss:xActiveTimerList2)
                  200263d0    00000014                                                     : tasks.obj (.bss:xDelayedTaskList1)
                  200263e4    00000014                                                     : tasks.obj (.bss:xDelayedTaskList2)
                  200263f8    00000014                                                     : tasks.obj (.bss:xPendingReadyList)
                  2002640c    00000014                                                     : tasks.obj (.bss:xSuspendedTaskList)
                  20026420    00000014                                                     : tasks.obj (.bss:xTasksWaitingTermination)
                  20026434    00000010     ipv4.obj (.bss:buffer$1)
                  20026444    0000000c     msp432e4_eth_driver.obj (.bss)
                  20026450    00000008     freertos_builds_MSP_EXP432E401Y_release_ccs.lib : tasks.obj (.bss)
                  20026458    00000008                                                     : timers.obj (.bss)
                  20026460    00000008     net.obj (.bss)
                  20026468    00000008     freertos_builds_MSP_EXP432E401Y_release_ccs.lib : heap_4.obj (.bss:xStart)
                  20026470    00000008     (.common:parmbuf)
                  20026478    00000004     net.obj (.bss:callbackTableMutex)
                  2002647c    00000004     (.common:arpTickCounter)
                  20026480    00000004     (.common:dhcpClientTickCounter)
                  20026484    00000004     (.common:dnsTickCounter)
                  20026488    00000004     (.common:igmpTickCounter)
                  2002648c    00000004     (.common:ipv4FragTickCounter)
                  20026490    00000004     (.common:ipv6FragTickCounter)
                  20026494    00000004     (.common:mldTickCounter)
                  20026498    00000004     (.common:ndpTickCounter)
                  2002649c    00000004     (.common:netEvent)
                  200264a0    00000004     (.common:netMutex)
                  200264a4    00000004     (.common:netTaskHandle)
                  200264a8    00000004     (.common:nicTickCounter)
                  200264ac    00000004     (.common:tcpTickCounter)
                  200264b0    00000004     (.common:udpCallbackMutex)
                  200264b4    00000002     tcp.obj (.bss)
                  200264b6    00000002     udp.obj (.bss)
                  200264b8    00000001     ip.obj (.bss)

.data      0    20026cc0    000003e4     UNINITIALIZED
                  20026cc0    0000016c     drivers_msp432e4.aem4f : PowerMSP432E4.oem4f (.data:PowerMSP432E4_module)
                  20026e2c    000000f0     rtsv7M4_T_le_v4SPD16_eabi.lib : defs.c.obj (.data:_ftable)
                  20026f1c    00000078                                   : write.c.obj (.data:_device)
                  20026f94    00000050                                   : write.c.obj (.data:_stream)
                  20026fe4    00000034     freertos_builds_MSP_EXP432E401Y_release_ccs.lib : tasks.obj (.data)
                  20027018    00000024     dhcp_client.obj (.data:stateLabel$1)
                  2002703c    00000018     freertos_builds_MSP_EXP432E401Y_release_ccs.lib : port.obj (.data)
                  20027054    00000010                                                     : heap_4.obj (.data)
                  20027064    00000010     rtsv7M4_T_le_v4SPD16_eabi.lib : defs.c.obj (.data)
                  20027074    0000000c                                   : exit.c.obj (.data:$O1$$)
                  20027080    0000000c     freertos_builds_MSP_EXP432E401Y_release_ccs.lib : timers.obj (.data)
                  2002708c    00000008     rtsv7M4_T_le_v4SPD16_eabi.lib : _lock.c.obj (.data:$O1$$)
                  20027094    00000004     net.obj (.data)
                  20027098    00000004     rtsv7M4_T_le_v4SPD16_eabi.lib : add_device.c.obj (.data)
                  2002709c    00000004                                   : open.c.obj (.data)
                  200270a0    00000004     system_msp432e401y.obj (.data)

.stack     0    200264c0    00000800     UNINITIALIZED
                  200264c0    00000004     rtsv7M4_T_le_v4SPD16_eabi.lib : boot_cortex_m.c.obj (.stack)
                  200264c4    000007fc     --HOLE--

MODULE SUMMARY

       Module                       code    ro data   rw data
       ------                       ----    -------   -------
    .\
       msp432e4_eth_driver.obj      2178    64        14124  
       socket.obj                   1408    0         5880   
       tcp_misc.obj                 6712    0         0      
       net.obj                      2354    0         3184   
       ipv6.obj                     4479    96        40     
       ndp.obj                      4248    0         4      
       dhcp_client.obj              3246    101       40     
       ipv4.obj                     3092    0         16     
       tcp_fsm.obj                  2924    0         0      
       ipv6_misc.obj                2760    0         0      
       main_freertos.obj            1912    10        564    
       arp.obj                      2456    0         4      
       udp.obj                      2074    0         166    
       ethernet.obj                 1938    76        0      
       dns_client.obj               1872    0         0      
       ipv6_frag.obj                1782    0         4      
       net_mem.obj                  1746    0         0      
       slaac.obj                    1676    0         0      
       tcp.obj                      1634    0         6      
       ndp_misc.obj                 1634    0         0      
       dns_cache.obj                696     0         932    
       ipv4_frag.obj                1598    0         4      
       mld.obj                      1352    0         4      
       icmpv6.obj                   1276    0         0      
       ndp_cache.obj                1130    0         0      
       igmp.obj                     1122    0         4      
       nic.obj                      1084    0         4      
       ip.obj                       1052    0         1      
       modbus_client_misc.obj       986     0         0      
       nbns_common.obj              968     0         0      
       tcp_timer.obj                942     0         0      
       nbns_client.obj              940     0         0      
       icmp.obj                     898     0         0      
       modbus_client.obj            776     0         0      
       dns_common.obj               712     0         0      
       startup_msp432e401y.obj      14      520       0      
       modbus_client_pdu.obj        482     0         0      
       nbns_responder.obj           468     0         0      
       os_port_freertos.obj         408     0         0      
       debug.obj                    398     0         0      
       date_time.obj                308     0         24     
       dhcp_common.obj              128     0         0      
       ipv6_pmtu.obj                92      0         0      
       cpu_endian.obj               80      0         0      
       str.obj                      80      0         0      
       modbus_debug.obj             28      0         0      
       system_msp432e401y.obj       24      0         4      
    +--+----------------------------+-------+---------+---------+
       Total:                       70167   867       25009  
                                                             
    C:/Users/ora2/ti/workspace/freertos_builds_MSP_EXP432E401Y_release_ccs/Debug/freertos_builds_MSP_EXP432E401Y_release_ccs.lib
       heap_4.obj                   888     0         131096 
       tasks.obj                    3780    0         360    
       queue.obj                    2874    0         0      
       timers.obj                   1254    0         60     
       port.obj                     732     8         24     
       list.obj                     298     0         0      
       portasm.obj                  218     0         0      
       memory.obj                   90      0         0      
       PTLS.obj                     44      0         0      
       aeabi_portable.obj           34      0         0      
       PowerMSP432E4_freertos.obj   10      0         0      
    +--+----------------------------+-------+---------+---------+
       Total:                       10222   8         131540 
                                                             
    C:/ti/simplelink_msp432e4_sdk_2_30_00_14/source/ti/devices/msp432e4/driverlib/lib/ccs/m4f/msp432e4_driverlib.a
       sysctl_MSP432E411Y.obj       792     528       0      
       gpio_MSP432E411Y.obj         494     72        0      
       interrupt_MSP432E411Y.obj    260     228       0      
       uart_MSP432E411Y.obj         128     0         0      
       fpu_MSP432E411Y.obj          16      0         0      
    +--+----------------------------+-------+---------+---------+
       Total:                       1690    828       0      
                                                             
    C:/ti/simplelink_msp432e4_sdk_2_30_00_14/source/ti/drivers/lib/drivers_msp432e4.aem4f
       PowerMSP432E4.oem4f          24      0         364    
    +--+----------------------------+-------+---------+---------+
       Total:                       24      0         364    
                                                             
    C:\ti\ccsv8\tools\compiler\ti-cgt-arm_18.1.2.LTS\lib\rtsv7M4_T_le_v4SPD16_eabi.lib
       _printfi.c.obj               4863    0         0      
       fd_add_t2.asm.obj            438     0         0      
       defs.c.obj                   0       0         416    
       trgmsg.c.obj                 108     0         288    
       fopen.c.obj                  312     0         0      
       fd_div_t2.asm.obj            310     0         0      
       fputs.c.obj                  276     0         0      
       s_scalbn.c.obj               272     0         0      
       fd_cmp_t2.asm.obj            268     0         0      
       ctype.c.obj                  0       257       0      
       fd_mul_t2.asm.obj            252     0         0      
       write.c.obj                  40      0         200    
       setvbuf.c.obj                220     0         0      
       open.c.obj                   188     0         4      
       add_device.c.obj             184     0         4      
       memcpy_t2.asm.obj            156     0         0      
       ull_div_t2.asm.obj           150     0         0      
       memset_t2.asm.obj            122     0         0      
       fclose.c.obj                 116     0         0      
       getdevice.c.obj              116     0         0      
       fprintf.c.obj                108     0         0      
       copy_decompress_lzss.c.obj   104     0         0      
       hostlseek.c.obj              104     0         0      
       hostopen.c.obj               96      0         8      
       hostrename.c.obj             104     0         0      
       fseek.c.obj                  100     0         0      
       s_frexp.c.obj                100     0         0      
       _io_perm.c.obj               98      0         0      
       sprintf.c.obj                98      0         0      
       close.c.obj                  92      0         0      
       exit.c.obj                   76      0         12     
       hostread.c.obj               88      0         0      
       hostwrite.c.obj              88      0         0      
       ltoa.c.obj                   84      0         0      
       atoi.c.obj                   76      0         0      
       fflush.c.obj                 76      0         0      
       fd_toi_t2.asm.obj            72      0         0      
       autoinit.c.obj               68      0         0      
       hostclose.c.obj              68      0         0      
       hostunlink.c.obj             68      0         0      
       strncasecmp.c.obj            60      0         0      
       boot_cortex_m.c.obj          56      0         0      
       strncpy.c.obj                54      0         0      
[...]
0001278b  nicSendPacket                         
000127fd  ipv6RemoveDefaultRouter               
0001294b  icmpv6ProcessPacketTooBig             
000129b9  igmpProcessMessage                    
00012a29  ipv6SetLinkLocalAddr                  
00012a95  ndpUpdateNextHop                      
00012b01  netInvokeLinkChangeCallback           
00012b6d  socketClose                           
00012bd9  tcpStateClosing                       
00012c43  udpUpdateEvents                       
00012cad  HOSTlseek                             
00012d15  HOSTrename                            
00012d7d  __TI_decompress_lzss                  
00012de5  ipv6GetAddrScope                      
00012e4d  tcpFastRetransmit                     
00012eb5  icmpProcessMessage                    
00012f1b  ipv6IsOnLink                          
00012f81  vListInsert                           
00012fe7  xQueueGenericCreate                   
0001304d  fprintf                               
000130b1  frexp                                 
000130b1  frexpl                                
00013115  fseek                                 
00013179  ndpGetOption                          
000131dd  ndpUpdatePrefixList                   
000132a5  __TI_wrt_ok                           
00013307  ipv4GetAddrScope                      
00013369  mldTick                               
000133cd  HOSTopen                              
0001342d  IntDisable                            
0001348d  IntEnable                             
000134ed  igmpJoinGroup                         
0001354d  ipv4Init                              
000135ad  mldStartListening                     
0001360d  modbusClientFormatMbapHeader          
0001366d  pxPortInitialiseStack                 
000136cd  tcpStateCloseWait                     
0001372d  ipSelectSourceAddr                    
0001378b  ipSendDatagram                        
000137e9  close                                 
00013845  igmpProcessReportMessage              
000138a1  ipv6FlushAddrList                     
00013959  vQueueWaitForMessageRestricted        
000139b5  vTaskDelay                            
00013a11  modbusClientParseWriteMultipleRegsResp
00013a6b  ndpSelectNextHop                      
00013ac5  tcpCheckSyn                           
00013b21  HOSTread                              
00013b79  HOSTwrite                             
00013bd1  dhcpClientStateBound                  
00013c29  icmpUpdateInStats                     
00013c81  icmpUpdateOutStats                    
00013cd9  ipv4SetHostAddr                       
00013d31  ipv6IsAnycastAddr                     
00013d89  modbusClientParseMbapHeader           
00013de1  msp432e4EthWritePhyReg                
00013e39  ndpLinkChangeEvent                    
00013e91  netBufferAlloc                        
00013ee9  vPortSetupTimerInterrupt              
00013f97  ipv4IsBroadcastAddr                   
00013fed  ipv6FlushPrefixList                   
00014041  ipv6SetDnsServer                      
00014095  ltoa                                  
000140e9  msp432e4EthReadPhyReg                 
0001413d  netBufferAppend                       
00014191  netBufferAt                           
000141e5  slaacLinkChangeEvent                  
00014239  xTimerCreateTimerTask                 
000142df  ipStringToAddr                        
00014331  macAddrToEui64                        
00014385  SysCtlPeripheralReset                 
000143d5  debugInit                             
00014425  dhcpClientCheckTimeout                
00014475  ethPadFrame                           
000144c5  ipCalcUpperLayerChecksumEx            
00014515  ipIsUnspecifiedAddr                   
00014565  ipv4AddrToString                      
000145b5  ipv6IsTentativeAddr                   
00014605  modbusClientFormatReadHoldingRegsReq  
00014655  ndpFindNeighborCacheEntry             
000146a5  strSafeCopy                           
000146f5  tcpGetDynamicPort                     
00014745  tcpStateLastAck                       
00014795  udpGetDynamicPort                     
000147e5  ipv4MapMulticastAddrToMac             
00014833  ndpInit                               
00014881  __TI_doflush                          
000148cd  atoi                                  
00014919  ipv4SetDnsServer                      
00014965  ipv6FlushDefaultRouterList            
00014a49  tcpWaitForEvents                      
00014a95  vPortEnterCritical                    
00014ae1  arpFindEntry                          
00014b75  exit                                  
00014bbd  ioInit                                
00014c05  ipAddrToString                        
00014c4d  memPoolAlloc                          
00014c95  ndpFindDestCacheEntry                 
00014cdd  nicUpdateMacAddrFilter                
00014d25  __aeabi_d2iz                          
00014d6d  tcpIsDuplicateAck                     
00014db5  uxListRemove                          
00014dfd  ipv6GenerateLinkLocalAddr             
00014e43  ipv6MapMulticastAddrToMac             
00014e89  HOSTclose                             
00014ecd  HOSTunlink                            
00014f11  __TI_auto_init_nobinit_nopinit        
00014f55  dnsFlushCache                         
00014f99  getdevice                             
00015021  UARTConfigSetExpClk                   
00015063  malloc                                
000150a5  tcpChangeState                        
000150e9  netSetMacAddr                         
00015129  sprintf                               
00015169  vTaskPlaceOnEventListRestricted       
000151e7  osCreateEvent                         
00015225  SysCtlPeripheralReady                 
00015261  arpFlushCache                         
0001529d  debugStreamWrite                      
000152d9  dhcpClientStateInit                   
00015315  dhcpClientStateInitReboot             
00015351  ipv4LinkChangeEvent                   
0001538d  ipv6ComputeSolicitedNodeAddr          
000153c9  ndpCheckOptions                       
00015405  ndpFlushNeighborCache                 
000154b9  pvTaskGetThreadLocalStoragePointer    
000154f5  strncasecmp                           
00015531  vListInsertEnd                        
0001556d  arpFlushQueuedPackets                 
000155a7  osCreateTask                          
000155e1  tcpFlushRetransmitQueue               
0001561d  __TI_writemsg                         
0001564b  C$$IO$$                               
00015655  _c_int00_noargs                       
0001568d  fputc                                 
000156c5  icmpv6ProcessDestUnreachable          
000156fd  ipv4SetDefaultGateway                 
00015735  modbusClientInit                      
0001576d  nicTick                               
00015815  dhcpClientComputeElapsedTime          
0001584b  netBufferGetLength                    
00015881  strncpy                               
000158b9  SysCtlPeripheralEnable                
000158ed  __TI_cleanup                          
00015921  __TI_readmsg                          
00015955  freopen                               
00015989  ipv4GetBroadcastAddr                  
000159bd  modbusClientGetResponsePdu            
000159f1  netSetHostname                        
00015a25  netSetInterfaceName                   
00015a8d  vTaskPlaceOnEventList                 
00015ac1  vTaskSetThreadLocalStoragePointer     
00015af5  ipv4FlushFragQueue                    
00015b27  netGetRandRange                       
00015b59  finddevice                            
00015b89  ipAllocBuffer                         
00015bb9  ipv6FlushFragQueue                    
00015be9  msp432e4EthInitGpio                   
00015c19  tcpFastLossRecovery                   
00015c49  tcpFlushSynQueue                      
00015c79  udpInit                               
00015ca9  vListInitialise                       
00015cd9  vPortExitCritical                     
00015d09  xTaskGetSchedulerState                
00015d39  ethAllocBuffer                        
00015d67  ipv6GetPathMtu                        
00015d95  ipv6UpdatePathMtu                     
00015dc3  osWaitForEvent                        
00015df1  __aeabi_i2d                           
00015e1f  socketReceive                         
00015e4d  socketSend                            
00015e7b  strcasecmp                            
00015ea9  GPIODirModeSet                        
00015ed5  GPIOPinConfigure                      
00015f01  blinkTask                             
00015f2d  dnsDeleteEntry                        
00015f59  ipv4SetSubnetMask                     
00015f85  netSetDriver                          
00015fb1  strncmp                               
00015fdd  swapInt32                             
00016009  tcpTimerElapsed                       
00016035  remove                                
00016035  unlink                                
00016061  userTask                              
0001608d  xPortSysTickHandler                   
000160b9  xQueueCreateMutex                     
000160e5  modbusClientDisconnect                
00016139  ethUpdateErrorStats                   
00016161  lseek                                 
00016189  modbusClientParseExceptionResp        
000161b1  msp432e4EthDumpPhyReg                 
000161d9  nbnsInit                              
00016201  socketSetTimeout                      
00016229  tcpDeleteControlBlock                 
00016251  write                                 
0001629f  tcpStateClosed                        
000162c5  udpAllocBuffer                        
000162ed  IntPrioritySet                        
00016311  ethUpdateOutStats                     
00016335  igmpInit                              
00016359  memcmp                                
0001637d  memmove                               
000163a1  mldStopListening                      
000163c5  modbusClientDeinit                    
000163e9  modbusClientGetExceptionCode          
00016431  swapInt16                             
00016455  vQueueDelete                          
00016479  vTaskInternalSetTimeOutState          
0001649d  __aeabi_errno_addr                    
000164bf  ipv4CheckSourceAddr                   
000164e1  IntPriorityGroupingSet                
00016501  UARTDisable                           
00016541  ethUpdateInStats                      
00016561  ipv6GetMulticastAddrScope             
00016581  memchr                                
000165c1  ipv4UpdateInStats                     
000165df  ipv4UpdateOutStats                    
000165fd  ipv4FindHole                          
00016619  ipv6FindHole                          
00016635  memccpy                               
00016651  modbusClientSetTimeout                
0001666d  netInitRand                           
00016689  osCreateMutex                         
000166a5  pvTaskIncrementMutexHeldCount         
000166c1  socketBindToInterface                 
000166dd  tcpTimerStart                         
000166f9  ipv6CheckSourceAddr                   
0001672d  GPIOPinTypeGPIOOutput                 
00016745  Power_idleFunc                        
0001675d  SystemInit                            
0001678d  arpInit                               
000167a5  dnsInit                               
000167bd  free                                  
000167d5  strcmp                                
000167ed  GPIOPinTypeEthernetLED                
00016803  GPIOPinTypeGPIOInput                  
00016819  GPIOPinTypeUART                       
0001682f  PTLS_getBuf                           
00016845  PTLS_setBuf                           
0001685b  igmpRand                              
00016871  ipv6UpdateInStats                     
00016887  ipv6UpdateOutStats                    
0001689d  mldRand                               
000168b3  ndpFlushDestCache                     
000168c9  osSetEventFromIsr                     
000168df  strchr                                
000168f5  UARTEnable                            
00016909  copysign                              
00016909  copysignl                             
0001691d  ethInit                               
00016931  ipv6FlushDnsServerList                
00016945  netBufferFree                         
00016959  osDeleteEvent                         
0001696d  osReleaseMutex                        
00016981  osSetEvent                            
000169a9  strcpy                                
000169bd  strlen                                
000169d1  xTaskGetCurrentTaskHandle             
000169e5  xTaskGetTickCount                     
000169f9  ipv6ParseAuthHeader                   
00016a0b  ipv6ParseEspHeader                    
00016a1d  osAcquireMutex                        
00016a2f  wcslen                                
00016a41  FPUEnable                             
00016a51  debugStreamOpen                       
00016a61  debugStreamRead                       
00016a71  debugStreamSeek                       
00016a81  isdigit                               
00016a91  isupper                               
00016aa1  isxdigit                              
00016ab1  osAllocMem                            
00016ac1  osFreeMem                             
00016ad1  osResetEvent                          
00016ae1  osResumeAllTasks                      
00016af1  osSuspendAllTasks                     
00016b01  tcpDumpHeader                         
00016b11  tcpInit                               
00016b21  tcpTimerStop                          
00016b31  toupper                               
00016b41  vListInitialiseItem                   
00016b51  vTaskSuspendAll                       
00016b61  debugStreamRename                     
00016b6f  __TI_decompress_none                  
00016b7d  modbusClientGetRequestPdu             
00016b8b  modbusDumpRequestPdu                  
00016b99  modbusDumpResponsePdu                 
00016ba7  tcpTimerRunning                       
00016bb5  Reset_Handler                         
00016bc1  debugStreamClose                      
00016bcd  debugStreamUnlink                     
00016bd9  __TI_zero_init                        
00016be5  memPoolFree                           
00016bf1  mldInit                               
00016bfd  msp432e4EthDisableIrq                 
00016c09  msp432e4EthEnableIrq                  
00016c15  nicGetLogicalInterface                
00016c21  nicGetPhysicalInterface               
00016c2d  osDelayTask                           
00016c39  osGetSystemTime                       
00016c45  vTaskMissedYield                      
00016c51  UARTCharPut                           
00016c65  arpDumpPacket                         
00016c6f  ethDumpHeader                         
00016c79  icmpDumpEchoMessage                   
00016c83  icmpDumpErrorMessage                  
00016c8d  icmpDumpMessage                       
00016c97  icmpv6DumpDestUnreachableMessage      
00016ca1  icmpv6DumpEchoMessage                 
00016cab  icmpv6DumpErrorMessage                
00016cb5  icmpv6DumpMessage                     
00016cbf  icmpv6DumpPacketTooBigMessage         
00016cc9  igmpDumpMessage                       
00016cd3  ipv4DumpHeader                        
00016cdd  ipv4DumpHoleList                      
00016ce7  ipv6DumpHeader                        
00016cf1  ipv6DumpHoleList                      
00016cfb  mldDumpMessage                        
00016d05  msp432e4EthTick                       
00016d0f  ndpDumpNeighborAdvMessage             
00016d19  ndpDumpNeighborSolMessage             
00016d23  ndpDumpRedirectMessage                
00016d2d  ndpDumpRouterAdvMessage               
00016d37  ndpDumpRouterSolMessage               
00016d41  udpDumpHeader                         
00016d4b  vApplicationStackOverflowHook         
00016d55  vPortSuppressTicksAndSleep            
00016d61  netGetDefaultInterface                
00016d69  osStartKernel                         
00016d71  GPIOPinRead                           
00016d77  GPIOPinWrite                          
00016d85  _system_pre_init                      
00016d89  C$$EXIT                               
00016d89  abort                                 
00016d8d  memPoolInit                           
00016f40  _ctypes_                              
00017188  ethPadding                            
000171c8  msp432e4EthDriver                     
000172a8  IPV6_LINK_LOCAL_ADDR_PREFIX           
000172b8  IPV6_LINK_LOCAL_ALL_NODES_ADDR        
000172c8  IPV6_LINK_LOCAL_ALL_ROUTERS_ADDR      
000172d8  IPV6_LOOPBACK_ADDR                    
000172e8  IPV6_SOLICITED_NODE_ADDR_PREFIX       
000172f8  IPV6_UNSPECIFIED_ADDR                 
00017314  ulMaxSyscallInterruptPriority         
00017324  dhcpOptionList                        
0001732b  MAC_BROADCAST_ADDR                    
00017331  MAC_UNSPECIFIED_ADDR                  
000174ac  __TI_Handler_Table_Base               
000174b8  __TI_Handler_Table_Limit              
000174c0  __TI_CINIT_Base                       
000174d0  __TI_CINIT_Limit                      
20022400  socketTable                           
20024cf8  netInterface                          
20025904  dnsCache                              
20025ca4  modbusClientContext                   
20025ed8  __CIOBUF_                             
20026180  __TI_tmpnams                          
20026220  udpCallbackTable                      
20026470  parmbuf                               
2002647c  arpTickCounter                        
20026480  dhcpClientTickCounter                 
20026484  dnsTickCounter                        
20026488  igmpTickCounter                       
2002648c  ipv4FragTickCounter                   
20026490  ipv6FragTickCounter                   
20026494  mldTickCounter                        
20026498  ndpTickCounter                        
2002649c  netEvent                              
200264a0  netMutex                              
200264a4  netTaskHandle                         
200264a8  nicTickCounter                        
200264ac  tcpTickCounter                        
200264b0  udpCallbackMutex                      
200264c0  __stack                               
200266c0  __STACK_TOP                           
20026cc0  PowerMSP432E4_module                  
20026cc0  __STACK_END                           
20026e2c  _ftable                               
20026f1c  _device                               
20026f94  _stream                               
20026fe4  pxCurrentTCB                          
20027064  __TI_ft_end                           
20027068  __aeabi_stdin                         
2002706c  __aeabi_stdout                        
20027070  __aeabi_stderr                        
20027074  __TI_cleanup_ptr                      
20027078  __TI_dtors_ptr                        
2002707c  __TI_enable_exit_profile_output       
2002708c  _lock                                 
20027090  _unlock                               
200270a0  SystemCoreClock                       
ffffffff  __TI_pprof_out_hndl                   
ffffffff  __TI_prof_data_size                   
ffffffff  __TI_prof_data_start                  
ffffffff  __binit__                             
ffffffff  __c_args__                            
ffffffff  binit                                 
UNDEFED   __mpu_init                            
UNDEFED   _system_post_cinit                    

[785 symbols]
